Component: ARM Compiler 5.05 update 2 (build 169) Tool: armlink [4d0f33]

==============================================================================

Section Cross References

    system_mkl25z4.o(.text) refers to aeabi_sdiv.o(.text) for __aeabi_uidivmod
    system_mkl25z4.o(.text) refers to system_mkl25z4.o(i.__ARM_common_switch8) for __ARM_common_switch8
    system_mkl25z4.o(.text) refers to system_mkl25z4.o(.data) for SystemCoreClock
    startup_mkl25z4.o(STACK) refers (Special) to heapauxi.o(.text) for __use_two_region_memory
    startup_mkl25z4.o(HEAP) refers (Special) to heapauxi.o(.text) for __use_two_region_memory
    startup_mkl25z4.o(RESET) refers (Special) to heapauxi.o(.text) for __use_two_region_memory
    startup_mkl25z4.o(RESET) refers to startup_mkl25z4.o(STACK) for __initial_sp
    startup_mkl25z4.o(RESET) refers to startup_mkl25z4.o(.text) for Reset_Handler
    startup_mkl25z4.o(RESET) refers to blinky.o(.text) for SysTick_Handler
    startup_mkl25z4.o(.ARM.__at_0x400) refers (Special) to heapauxi.o(.text) for __use_two_region_memory
    startup_mkl25z4.o(.text) refers (Special) to heapauxi.o(.text) for __use_two_region_memory
    startup_mkl25z4.o(.text) refers to system_mkl25z4.o(.text) for SystemInit
    startup_mkl25z4.o(.text) refers to __main.o(!!!main) for __main
    startup_mkl25z4.o(.text) refers to startup_mkl25z4.o(HEAP) for Heap_Mem
    startup_mkl25z4.o(.text) refers to startup_mkl25z4.o(STACK) for Stack_Mem
    blinky.o(.text) refers to _scanf_int.o(.text) for _scanf_int
    blinky.o(.text) refers to _scanf_str.o(.text) for _scanf_string
    blinky.o(.text) refers to scanf1.o(x$fpl$scanf1) for _scanf_real
    blinky.o(.text) refers to uart.o(.text) for uart0_getchar_present
    blinky.o(.text) refers to f2d.o(.text) for __aeabi_f2d
    blinky.o(.text) refers to dlef.o(x$fpl$dleqf) for __aeabi_cdcmple
    blinky.o(.text) refers to dmul.o(.text) for __aeabi_dmul
    blinky.o(.text) refers to d2f.o(.text) for __aeabi_d2f
    blinky.o(.text) refers to floor.o(i.floor) for floor
    blinky.o(.text) refers to fflti.o(.text) for __aeabi_i2f
    blinky.o(.text) refers to __0sscanf.o(.text) for __0sscanf
    blinky.o(.text) refers to fdiv.o(.text) for __aeabi_fdiv
    blinky.o(.text) refers to fmul.o(x$fpl$fmul) for __aeabi_fmul
    blinky.o(.text) refers to faddsub.o(x$fpl$frsb) for __aeabi_frsub
    blinky.o(.text) refers to faddsub.o(x$fpl$fadd) for __aeabi_fadd
    blinky.o(.text) refers to mkl25z_i2c.o(.text) for I2C_configure
    blinky.o(.text) refers to ddiv.o(.text) for __aeabi_ddiv
    blinky.o(.text) refers to system_mkl25z4.o(.text) for SystemCoreClockUpdate
    blinky.o(.text) refers to aeabi_sdiv.o(.text) for __aeabi_uidivmod
    blinky.o(.text) refers to blinky.o(.data) for msTicks
    blinky.o(.text) refers to blinky.o(.bss) for gpsbuffer
    blinky.o(.text) refers to system_mkl25z4.o(.data) for SystemCoreClock
    uart.o(.text) refers to aeabi_sdiv.o(.text) for __aeabi_idivmod
    __0sscanf.o(.text) refers to scanf_char.o(.text) for __vfscanf_char
    __0sscanf.o(.text) refers to _sgetc.o(.text) for _sgetc
    _scanf_int.o(.text) refers to _chval.o(.text) for _chval
    __main.o(!!!main) refers to __rtentry.o(.ARM.Collect$$rtentry$$00000000) for __rt_entry
    d2f.o(.text) refers (Special) to usenofp.o(x$fpl$usenofp) for __I$use$fp
    ddiv.o(.text) refers (Special) to usenofp.o(x$fpl$usenofp) for __I$use$fp
    ddiv.o(.text) refers to ddiv.o(.constdata) for .constdata
    ddiv.o(.constdata) refers (Special) to usenofp.o(x$fpl$usenofp) for __I$use$fp
    dlef.o(x$fpl$dleqf) refers (Special) to usenofp.o(x$fpl$usenofp) for __I$use$fp
    dlef.o(x$fpl$dleqf) refers to dcmpin.o(.text) for __fpl_dcmp_InfNaN
    dmul.o(.text) refers (Special) to usenofp.o(x$fpl$usenofp) for __I$use$fp
    f2d.o(.text) refers (Special) to usenofp.o(x$fpl$usenofp) for __I$use$fp
    faddsub.o(x$fpl$fadd) refers (Special) to usenofp.o(x$fpl$usenofp) for __I$use$fp
    faddsub.o(x$fpl$fadd) refers to faddsub.o(x$fpl$fsub) for _fsub1
    faddsub.o(x$fpl$frsb) refers (Special) to usenofp.o(x$fpl$usenofp) for __I$use$fp
    faddsub.o(x$fpl$frsb) refers to faddsub.o(x$fpl$fsub) for _fsub1
    faddsub.o(x$fpl$frsb) refers to faddsub.o(x$fpl$fadd) for _fadd1
    faddsub.o(x$fpl$fsub) refers (Special) to usenofp.o(x$fpl$usenofp) for __I$use$fp
    faddsub.o(x$fpl$fsub) refers to faddsub.o(x$fpl$fadd) for _fadd1
    fdiv.o(.text) refers (Special) to usenofp.o(x$fpl$usenofp) for __I$use$fp
    fdiv.o(.text) refers to fdiv.o(.constdata) for .constdata
    fdiv.o(.constdata) refers (Special) to usenofp.o(x$fpl$usenofp) for __I$use$fp
    fflti.o(.text) refers (Special) to usenofp.o(x$fpl$usenofp) for __I$use$fp
    fmul.o(x$fpl$fmul) refers (Special) to usenofp.o(x$fpl$usenofp) for __I$use$fp
    scanf1.o(x$fpl$scanf1) refers to scanf_fp.o(.text) for _scanf_really_real
    floor.o(i.__softfp_floor) refers (Special) to usenofp.o(x$fpl$usenofp) for __I$use$fp
[...]
    __rtentry2.o(.ARM.exidx) refers to __rtentry2.o(.ARM.Collect$$rtentry$$0000000A) for .ARM.Collect$$rtentry$$0000000A
    __rtentry2.o(.ARM.exidx) refers to __rtentry2.o(.ARM.Collect$$rtentry$$0000000B) for .ARM.Collect$$rtentry$$0000000B
    __rtentry2.o(.ARM.exidx) refers to __rtentry2.o(.ARM.Collect$$rtentry$$0000000D) for .ARM.Collect$$rtentry$$0000000D
    __rtentry4.o(.ARM.Collect$$rtentry$$00000004) refers to sys_stackheap_outer.o(.text) for __user_setup_stackheap
    __rtentry4.o(.ARM.exidx) refers to __rtentry4.o(.ARM.Collect$$rtentry$$00000004) for .ARM.Collect$$rtentry$$00000004
    rt_div0.o(.text) refers to defsig_fpe_outer.o(.text) for __rt_SIGFPE
    rt_locale.o(.text) refers to rt_locale.o(.bss) for __rt_locale_data
    rt_locale_intlibspace.o(.text) refers to libspace.o(.bss) for __libspace_start
    rt_errno_addr.o(.text) refers to rt_errno_addr.o(.bss) for __aeabi_errno_addr_data
    rt_errno_addr_intlibspace.o(.text) refers to libspace.o(.bss) for __libspace_start
    isspace.o(.text) refers to rt_ctype_table.o(.text) for __rt_ctype_table
    _scanf.o(.text) refers (Weak) to scanf1.o(x$fpl$scanf1) for _scanf_real
    _scanf.o(.text) refers (Weak) to _scanf_int.o(.text) for _scanf_int
    _scanf.o(.text) refers (Weak) to _scanf_str.o(.text) for _scanf_string
    bigflt0.o(.text) refers (Special) to usenofp.o(x$fpl$usenofp) for __I$use$fp
    bigflt0.o(.text) refers to aeabi_sdiv.o(.text) for __aeabi_idivmod
    bigflt0.o(.text) refers to btod.o(.text) for _btod_emul
    bigflt0.o(.text) refers to bigflt0.o(.constdata) for .constdata
    bigflt0.o(.constdata) refers (Special) to usenofp.o(x$fpl$usenofp) for __I$use$fp
    btod.o(.text) refers to btod.o(i.__ARM_common_ll_muluu) for __ARM_common_ll_muluu
    lc_numeric_c.o(locale$$data) refers (Special) to libinit2.o(.ARM.Collect$$libinit$$00000016) for __rt_lib_init_lc_numeric_2
    lc_numeric_c.o(locale$$code) refers (Special) to libinit2.o(.ARM.Collect$$libinit$$00000016) for __rt_lib_init_lc_numeric_2
    lc_numeric_c.o(locale$$code) refers to strcmp.o(.text) for strcmp
    lc_numeric_c.o(locale$$code) refers to lc_numeric_c.o(locale$$data) for __lcnum_c_name
    cmpret.o(.text) refers (Special) to usenofp.o(x$fpl$usenofp) for __I$use$fp
    dnan2.o(.text) refers (Special) to usenofp.o(x$fpl$usenofp) for __I$use$fp
    dnan2.o(.text) refers to retnan.o(.text) for __fpl_return_NaN
    fpconst.o(c$$dinf) refers (Special) to usenofp.o(x$fpl$usenofp) for __I$use$fp
    fpconst.o(c$$dnan) refers (Special) to usenofp.o(x$fpl$usenofp) for __I$use$fp
    fpconst.o(c$$finf) refers (Special) to usenofp.o(x$fpl$usenofp) for __I$use$fp
    ieee_status.o(.text) refers (Special) to usenofp.o(x$fpl$usenofp) for __I$use$fp
    scanf2.o(x$fpl$scanf2) refers to scanf_hexfp.o(.text) for _scanf_really_hex_real
    scanf2.o(x$fpl$scanf2) refers to scanf_infnan.o(.text) for _scanf_really_infnan
    scanf2b.o(x$fpl$scanf2) refers to scanf_hexfp.o(.text) for _scanf_really_hex_real
    scanf2b.o(x$fpl$scanf2) refers to scanf_infnan.o(.text) for _scanf_really_infnan
    narrow.o(i.__mathlib_narrow) refers (Special) to usenofp.o(x$fpl$usenofp) for __I$use$fp
    narrow.o(i.__mathlib_narrow) refers to narrow.o(i.__mathlib_tofloat) for __mathlib_tofloat
    narrow.o(i.__mathlib_tofloat) refers (Special) to usenofp.o(x$fpl$usenofp) for __I$use$fp
    narrow.o(i.__mathlib_tofloat) refers to frexp.o(i.frexp) for frexp
    narrow.o(i.__mathlib_tofloat) refers to deqf.o(x$fpl$deqf) for __aeabi_cdcmpeq
    narrow.o(i.__mathlib_tofloat) refers to d2f.o(.text) for __aeabi_d2f
    narrow.o(i.__mathlib_tofloat) refers to _rserrno.o(.text) for __set_errno
    narrow.o(i.__mathlib_tofloat) refers to drlef.o(x$fpl$drleqf) for __aeabi_cdrcmple
    narrow.o(i.__softfp___mathlib_tofloat) refers (Special) to usenofp.o(x$fpl$usenofp) for __I$use$fp
    narrow.o(i.__softfp___mathlib_tofloat) refers to narrow.o(i.__mathlib_tofloat) for __mathlib_tofloat
    libspace.o(.text) refers to libspace.o(.bss) for __libspace_start
    sys_stackheap_outer.o(.text) refers to libspace.o(.text) for __user_perproc_libspace
    sys_stackheap_outer.o(.text) refers to startup_mkl25z4.o(.text) for __user_initial_stackheap
    sys_stackheap_outer.o(__vectab_stack_and_reset_area) refers to tempstk.o(.text) for __temporary_stack_top
    sys_stackheap_outer.o(__vectab_stack_and_reset_area) refers to __main.o(!!!main) for __main
    rt_ctype_table.o(.text) refers to rt_locale_intlibspace.o(.text) for __rt_locale
    rt_ctype_table.o(.text) refers to lc_ctype_c.o(locale$$code) for _get_lc_ctype
    _rserrno.o(.text) refers to rt_errno_addr_intlibspace.o(.text) for __aeabi_errno_addr
    scanf_hexfp.o(.text) refers to _chval.o(.text) for _chval
    scanf_hexfp.o(.text) refers to llshl.o(.text) for __aeabi_llsl
    scanf_hexfp.o(.text) refers to ldexp.o(i.__support_ldexp) for __support_ldexp
    scanf_hexfp.o(.text) refers to narrow.o(i.__mathlib_narrow) for __mathlib_narrow
    exit.o(.text) refers to rtexit.o(.ARM.Collect$$rtexit$$00000000) for __rt_exit
    defsig_fpe_outer.o(.text) refers to defsig_fpe_inner.o(.text) for __rt_SIGFPE_inner
    defsig_fpe_outer.o(.text) refers to defsig_exit.o(.text) for __sig_exit
    defsig_fpe_formal.o(.text) refers to rt_raise.o(.text) for __rt_raise
    libinit.o(.ARM.Collect$$libinit$$00000000) refers (Special) to libinit2.o(.ARM.Collect$$libinit$$0000002E) for __rt_lib_init_alloca_1
    libinit.o(.ARM.Collect$$libinit$$00000000) refers (Special) to libinit2.o(.ARM.Collect$$libinit$$0000002C) for __rt_lib_init_argv_1
    libinit.o(.ARM.Collect$$libinit$$00000000) refers (Special) to libinit2.o(.ARM.Collect$$libinit$$0000001B) for __rt_lib_init_atexit_1
    libinit.o(.ARM.Collect$$libinit$$00000000) refers (Special) to libinit2.o(.ARM.Collect$$libinit$$00000021) for __rt_lib_init_clock_1
    libinit.o(.ARM.Collect$$libinit$$00000000) refers (Special) to libinit2.o(.ARM.Collect$$libinit$$00000032) for __rt_lib_init_cpp_1
    libinit.o(.ARM.Collect$$libinit$$00000000) refers (Special) to libinit2.o(.ARM.Collect$$libinit$$00000030) for __rt_lib_init_exceptions_1
    libinit.o(.ARM.Collect$$libinit$$00000000) refers (Special) to libinit2.o(.ARM.Collect$$libinit$$00000002) for __rt_lib_init_fp_1
    libinit.o(.ARM.Collect$$libinit$$00000000) refers (Special) to libinit2.o(.ARM.Collect$$libinit$$0000001F) for __rt_lib_init_fp_trap_1
    libinit.o(.ARM.Collect$$libinit$$00000000) refers (Special) to libinit2.o(.ARM.Collect$$libinit$$00000023) for __rt_lib_init_getenv_1
    libinit.o(.ARM.Collect$$libinit$$00000000) refers (Special) to libinit2.o(.ARM.Collect$$libinit$$0000000A) for __rt_lib_init_heap_1
    libinit.o(.ARM.Collect$$libinit$$00000000) refers (Special) to libinit2.o(.ARM.Collect$$libinit$$00000011) for __rt_lib_init_lc_collate_1
    libinit.o(.ARM.Collect$$libinit$$00000000) refers (Special) to libinit2.o(.ARM.Collect$$libinit$$00000013) for __rt_lib_init_lc_ctype_1
    libinit.o(.ARM.Collect$$libinit$$00000000) refers (Special) to libinit2.o(.ARM.Collect$$libinit$$00000015) for __rt_lib_init_lc_monetary_1
    libinit.o(.ARM.Collect$$libinit$$00000000) refers (Special) to libinit2.o(.ARM.Collect$$libinit$$00000017) for __rt_lib_init_lc_numeric_1
    libinit.o(.ARM.Collect$$libinit$$00000000) refers (Special) to libinit2.o(.ARM.Collect$$libinit$$00000019) for __rt_lib_init_lc_time_1
    libinit.o(.ARM.Collect$$libinit$$00000000) refers (Special) to libinit2.o(.ARM.Collect$$libinit$$00000004) for __rt_lib_init_preinit_1
    libinit.o(.ARM.Collect$$libinit$$00000000) refers (Special) to libinit2.o(.ARM.Collect$$libinit$$0000000E) for __rt_lib_init_rand_1
    libinit.o(.ARM.Collect$$libinit$$00000000) refers (Special) to libinit2.o(.ARM.Collect$$libinit$$00000033) for __rt_lib_init_return
    libinit.o(.ARM.Collect$$libinit$$00000000) refers (Special) to libinit2.o(.ARM.Collect$$libinit$$0000001D) for __rt_lib_init_signal_1
    libinit.o(.ARM.Collect$$libinit$$00000000) refers (Special) to libinit2.o(.ARM.Collect$$libinit$$00000025) for __rt_lib_init_stdio_1
    libinit.o(.ARM.Collect$$libinit$$00000000) refers (Special) to libinit2.o(.ARM.Collect$$libinit$$0000000C) for __rt_lib_init_user_alloc_1
    libinit2.o(.ARM.Collect$$libinit$$0000000F) refers (Weak) to rt_locale_intlibspace.o(.text) for __rt_locale
    libinit2.o(.ARM.Collect$$libinit$$00000010) refers to libinit2.o(.ARM.Collect$$libinit$$0000000F) for .ARM.Collect$$libinit$$0000000F
    libinit2.o(.ARM.Collect$$libinit$$00000012) refers to libinit2.o(.ARM.Collect$$libinit$$0000000F) for .ARM.Collect$$libinit$$0000000F
    libinit2.o(.ARM.Collect$$libinit$$00000012) refers (Weak) to lc_ctype_c.o(locale$$code) for _get_lc_ctype
    libinit2.o(.ARM.Collect$$libinit$$00000014) refers to libinit2.o(.ARM.Collect$$libinit$$0000000F) for .ARM.Collect$$libinit$$0000000F
    libinit2.o(.ARM.Collect$$libinit$$00000016) refers to libinit2.o(.ARM.Collect$$libinit$$0000000F) for .ARM.Collect$$libinit$$0000000F
    libinit2.o(.ARM.Collect$$libinit$$00000016) refers (Weak) to lc_numeric_c.o(locale$$code) for _get_lc_numeric
    libinit2.o(.ARM.Collect$$libinit$$00000018) refers to libinit2.o(.ARM.Collect$$libinit$$0000000F) for .ARM.Collect$$libinit$$0000000F
    libinit2.o(.ARM.Collect$$libinit$$00000026) refers to argv_veneer.o(.text) for __ARM_argv_veneer
    libinit2.o(.ARM.Collect$$libinit$$00000027) refers to argv_veneer.o(.text) for __ARM_argv_veneer
    deqf.o(x$fpl$deqf) refers (Special) to usenofp.o(x$fpl$usenofp) for __I$use$fp
    deqf.o(x$fpl$deqf) refers to dcmpin.o(.text) for __fpl_dcmp_InfNaN
    retnan.o(.text) refers (Special) to usenofp.o(x$fpl$usenofp) for __I$use$fp
    retnan.o(.text) refers to cmpret.o(.text) for __fpl_cmpreturn
    frexp.o(i.__softfp_frexp) refers (Special) to usenofp.o(x$fpl$usenofp) for __I$use$fp
    frexp.o(i.__softfp_frexp) refers to dscalbn.o(.text) for __ARM_scalbn
    frexp.o(i.frexp) refers (Special) to usenofp.o(x$fpl$usenofp) for __I$use$fp
    frexp.o(i.frexp) refers to dscalbn.o(.text) for __ARM_scalbn
    rtexit.o(.ARM.Collect$$rtexit$$00000000) refers (Special) to rtexit2.o(.ARM.Collect$$rtexit$$00000004) for __rt_exit_exit
    rtexit.o(.ARM.Collect$$rtexit$$00000000) refers (Special) to rtexit2.o(.ARM.Collect$$rtexit$$00000003) for __rt_exit_ls
    rtexit.o(.ARM.Collect$$rtexit$$00000000) refers (Special) to rtexit2.o(.ARM.Collect$$rtexit$$00000002) for __rt_exit_prels_1
    rtexit.o(.ARM.exidx) refers (Special) to rtexit2.o(.ARM.Collect$$rtexit$$00000004) for __rt_exit_exit
    rtexit.o(.ARM.exidx) refers (Special) to rtexit2.o(.ARM.Collect$$rtexit$$00000003) for __rt_exit_ls
    rtexit.o(.ARM.exidx) refers (Special) to rtexit2.o(.ARM.Collect$$rtexit$$00000002) for __rt_exit_prels_1
    rtexit.o(.ARM.exidx) refers to rtexit.o(.ARM.Collect$$rtexit$$00000000) for .ARM.Collect$$rtexit$$00000000
    rt_raise.o(.text) refers to __raise.o(.text) for __raise
    rt_raise.o(.text) refers to sys_exit.o(.text) for _sys_exit
    lc_ctype_c.o(locale$$data) refers (Special) to libinit2.o(.ARM.Collect$$libinit$$00000012) for __rt_lib_init_lc_ctype_2
    lc_ctype_c.o(locale$$code) refers (Special) to libinit2.o(.ARM.Collect$$libinit$$00000012) for __rt_lib_init_lc_ctype_2
    lc_ctype_c.o(locale$$code) refers to strcmp.o(.text) for strcmp
    lc_ctype_c.o(locale$$code) refers to lc_ctype_c.o(locale$$data) for __lcctype_c_name
    defsig_exit.o(.text) refers to sys_exit.o(.text) for _sys_exit
    defsig_fpe_inner.o(.text) refers to defsig_general.o(.text) for __default_signal_display
    dscalbn.o(.text) refers (Special) to usenofp.o(x$fpl$usenofp) for __I$use$fp
    ldexp.o(i.__softfp_ldexp) refers (Special) to usenofp.o(x$fpl$usenofp) for __I$use$fp
    ldexp.o(i.__softfp_ldexp) refers to ldexp.o(i.ldexp) for ldexp
    ldexp.o(i.__support_ldexp) refers (Special) to usenofp.o(x$fpl$usenofp) for __I$use$fp
    ldexp.o(i.__support_ldexp) refers to ldexp.o(i.ldexp) for ldexp
    ldexp.o(i.ldexp) refers (Special) to usenofp.o(x$fpl$usenofp) for __I$use$fp
    ldexp.o(i.ldexp) refers to deqf.o(x$fpl$deqf) for __aeabi_cdcmpeq
    ldexp.o(i.ldexp) refers to dscalbn.o(.text) for __ARM_scalbn
    ldexp.o(i.ldexp) refers to _rserrno.o(.text) for __set_errno
    ldexp.o(i.ldexp) refers to dunder.o(i.__mathlib_dbl_underflow) for __mathlib_dbl_underflow
    ldexp.o(i.ldexp) refers to dunder.o(i.__mathlib_dbl_overflow) for __mathlib_dbl_overflow
    ldexp_x.o(i.____softfp_ldexp$lsc) refers (Special) to usenofp.o(x$fpl$usenofp) for __I$use$fp
    ldexp_x.o(i.____softfp_ldexp$lsc) refers to ldexp_x.o(i.__ldexp$lsc) for __ldexp$lsc
    ldexp_x.o(i.____support_ldexp$lsc) refers (Special) to usenofp.o(x$fpl$usenofp) for __I$use$fp
    ldexp_x.o(i.____support_ldexp$lsc) refers to ldexp_x.o(i.__ldexp$lsc) for __ldexp$lsc
    ldexp_x.o(i.__ldexp$lsc) refers (Special) to usenofp.o(x$fpl$usenofp) for __I$use$fp
    ldexp_x.o(i.__ldexp$lsc) refers to deqf.o(x$fpl$deqf) for __aeabi_cdcmpeq
    ldexp_x.o(i.__ldexp$lsc) refers to dscalbn.o(.text) for __ARM_scalbn
    ldexp_x.o(i.__ldexp$lsc) refers to _rserrno.o(.text) for __set_errno
    ldexp_x.o(i.__ldexp$lsc) refers to qnan.o(.constdata) for __mathlib_zero
    sys_exit.o(.text) refers (Special) to use_no_semi.o(.text) for __I$use$semihosting
    sys_exit.o(.text) refers (Special) to indicate_semi.o(.text) for __semihosting_library_function
    rtexit2.o(.ARM.Collect$$rtexit$$00000003) refers to libshutdown.o(.ARM.Collect$$libshutdown$$00000000) for __rt_lib_shutdown
    rtexit2.o(.ARM.Collect$$rtexit$$00000004) refers to sys_exit.o(.text) for _sys_exit
    rtexit2.o(.ARM.exidx) refers to rtexit2.o(.ARM.Collect$$rtexit$$00000001) for .ARM.Collect$$rtexit$$00000001
    rtexit2.o(.ARM.exidx) refers to rtexit2.o(.ARM.Collect$$rtexit$$00000003) for .ARM.Collect$$rtexit$$00000003
    rtexit2.o(.ARM.exidx) refers to rtexit2.o(.ARM.Collect$$rtexit$$00000004) for .ARM.Collect$$rtexit$$00000004
    __raise.o(.text) refers to defsig.o(CL$$defsig) for __default_signal_handler
    defsig_general.o(.text) refers to sys_wrch.o(.text) for _ttywrch
    _get_argv_nomalloc.o(.text) refers (Special) to hrguard.o(.text) for __heap_region$guard
    _get_argv_nomalloc.o(.text) refers to defsig_rtmem_outer.o(.text) for __rt_SIGRTMEM
    _get_argv_nomalloc.o(.text) refers to sys_command.o(.text) for _sys_command_string
    dunder.o(i.__mathlib_dbl_divzero) refers to ddiv.o(.text) for __aeabi_ddiv
    dunder.o(i.__mathlib_dbl_infnan) refers to dscalbn.o(.text) for __ARM_scalbn
    dunder.o(i.__mathlib_dbl_infnan2) refers to daddsub.o(.text) for __aeabi_dadd
    dunder.o(i.__mathlib_dbl_invalid) refers to ddiv.o(.text) for __aeabi_ddiv
    dunder.o(i.__mathlib_dbl_overflow) refers to dscalbn.o(.text) for __ARM_scalbn
    dunder.o(i.__mathlib_dbl_posinfnan) refers to dmul.o(.text) for __aeabi_dmul
    dunder.o(i.__mathlib_dbl_underflow) refers to dscalbn.o(.text) for __ARM_scalbn
    qnan.o(.constdata) refers (Special) to usenofp.o(x$fpl$usenofp) for __I$use$fp
    sys_wrch.o(.text) refers (Special) to use_no_semi.o(.text) for __I$use$semihosting
    sys_wrch.o(.text) refers (Special) to indicate_semi.o(.text) for __semihosting_library_function
    sys_command.o(.text) refers (Special) to use_no_semi.o(.text) for __I$use$semihosting
    sys_command.o(.text) refers (Special) to indicate_semi.o(.text) for __semihosting_library_function
    defsig_rtmem_outer.o(.text) refers to defsig_rtmem_inner.o(.text) for __rt_SIGRTMEM_inner
    defsig_rtmem_outer.o(.text) refers to defsig_exit.o(.text) for __sig_exit
    defsig_rtmem_formal.o(.text) refers to rt_raise.o(.text) for __rt_raise
    defsig.o(CL$$defsig) refers to defsig_fpe_inner.o(.text) for __rt_SIGFPE_inner
    defsig.o(CL$$defsig) refers to defsig_rtmem_inner.o(.text) for __rt_SIGRTMEM_inner
    libshutdown.o(.ARM.Collect$$libshutdown$$00000000) refers (Special) to libshutdown2.o(.ARM.Collect$$libshutdown$$00000006) for __rt_lib_shutdown_fp_trap_1
    libshutdown.o(.ARM.Collect$$libshutdown$$00000000) refers (Special) to libshutdown2.o(.ARM.Collect$$libshutdown$$0000000E) for __rt_lib_shutdown_heap_1
    libshutdown.o(.ARM.Collect$$libshutdown$$00000000) refers (Special) to libshutdown2.o(.ARM.Collect$$libshutdown$$0000000F) for __rt_lib_shutdown_return
    libshutdown.o(.ARM.Collect$$libshutdown$$00000000) refers (Special) to libshutdown2.o(.ARM.Collect$$libshutdown$$00000009) for __rt_lib_shutdown_signal_1
    libshutdown.o(.ARM.Collect$$libshutdown$$00000000) refers (Special) to libshutdown2.o(.ARM.Collect$$libshutdown$$00000003) for __rt_lib_shutdown_stdio_1
    libshutdown.o(.ARM.Collect$$libshutdown$$00000000) refers (Special) to libshutdown2.o(.ARM.Collect$$libshutdown$$0000000B) for __rt_lib_shutdown_user_alloc_1
    defsig_abrt_inner.o(.text) refers to defsig_general.o(.text) for __default_signal_display
    defsig_rtred_inner.o(.text) refers to defsig_general.o(.text) for __default_signal_display
    defsig_rtmem_inner.o(.text) refers to defsig_general.o(.text) for __default_signal_display
    defsig_stak_inner.o(.text) refers to defsig_general.o(.text) for __default_signal_display
    defsig_pvfn_inner.o(.text) refers to defsig_general.o(.text) for __default_signal_display
    defsig_cppl_inner.o(.text) refers to defsig_general.o(.text) for __default_signal_display
    defsig_segv_inner.o(.text) refers to defsig_general.o(.text) for __default_signal_display
    defsig_other.o(.text) refers to defsig_general.o(.text) for __default_signal_display
    scanf_fp.o(i._is_digit) refers (Special) to usenofp.o(x$fpl$usenofp) for __I$use$fp
    scanf_fp.o(i._is_digit) refers (Special) to lc_numeric_c.o(locale$$code) for _get_lc_numeric


==============================================================================

Removing Unused input sections from the image.

    Removing system_mkl25z4.o(.rev16_text), (4 bytes).
    Removing system_mkl25z4.o(.revsh_text), (4 bytes).
    Removing blinky.o(.rev16_text), (4 bytes).
    Removing blinky.o(.revsh_text), (4 bytes).
    Removing uart.o(.rev16_text), (4 bytes).
    Removing uart.o(.revsh_text), (4 bytes).
    Removing mkl25z_i2c.o(.rev16_text), (4 bytes).
    Removing mkl25z_i2c.o(.revsh_text), (4 bytes).

8 unused section(s) (total 32 bytes) removed from the image.

==============================================================================

Image Symbol Table

    Local Symbols

    Symbol Name                              Value     Ov Type        Size  Object(Section)

    RESET                                    0x00000000   Section      192  startup_mkl25z4.o(RESET)
    ../clib/angel/boardlib.s                 0x00000000   Number         0  boardinit2.o ABSOLUTE
    ../clib/angel/boardlib.s                 0x00000000   Number         0  boardinit3.o ABSOLUTE
    ../clib/angel/boardlib.s                 0x00000000   Number         0  boardshut.o ABSOLUTE
    ../clib/angel/boardlib.s                 0x00000000   Number         0  boardinit1.o ABSOLUTE
    ../clib/angel/handlers.s                 0x00000000   Number         0  __scatter_copy.o ABSOLUTE
    ../clib/angel/handlers.s                 0x00000000   Number         0  __scatter_zi.o ABSOLUTE
    ../clib/angel/kernel.s                   0x00000000   Number         0  rtexit.o ABSOLUTE
    ../clib/angel/kernel.s                   0x00000000   Number         0  __rtentry.o ABSOLUTE
    ../clib/angel/kernel.s                   0x00000000   Number         0  __rtentry2.o ABSOLUTE
    ../clib/angel/kernel.s                   0x00000000   Number         0  __rtentry4.o ABSOLUTE
    ../clib/angel/kernel.s                   0x00000000   Number         0  rtexit2.o ABSOLUTE
    ../clib/angel/rt.s                       0x00000000   Number         0  rt_locale.o ABSOLUTE
    ../clib/angel/rt.s                       0x00000000   Number         0  rt_raise.o ABSOLUTE
    ../clib/angel/rt.s                       0x00000000   Number         0  aeabi_idiv0.o ABSOLUTE
    ../clib/angel/rt.s                       0x00000000   Number         0  aeabi_idiv0_sigfpe.o ABSOLUTE
    ../clib/angel/rt.s                       0x00000000   Number         0  rt_errno_addr_intlibspace.o ABSOLUTE
    ../clib/angel/rt.s                       0x00000000   Number         0  rt_errno_addr.o ABSOLUTE
    ../clib/angel/rt.s                       0x00000000   Number         0  rt_div0.o ABSOLUTE
    ../clib/angel/rt.s                       0x00000000   Number         0  rt_ctype_table.o ABSOLUTE
    ../clib/angel/rt.s                       0x00000000   Number         0  rt_locale_intlibspace.o ABSOLUTE
    ../clib/angel/scatterp.s                 0x00000000   Number         0  __scatter.o ABSOLUTE
    ../clib/angel/startup.s                  0x00000000   Number         0  __main.o ABSOLUTE
    ../clib/angel/sys.s                      0x00000000   Number         0  tempstk.o ABSOLUTE
    ../clib/angel/sys.s                      0x00000000   Number         0  indicate_semi.o ABSOLUTE
    ../clib/angel/sys.s                      0x00000000   Number         0  libspace.o ABSOLUTE
    ../clib/angel/sys.s                      0x00000000   Number         0  use_no_semi.o ABSOLUTE
    ../clib/angel/sys.s                      0x00000000   Number         0  sys_stackheap_outer.o ABSOLUTE
    ../clib/angel/sysapp.c                   0x00000000   Number         0  sys_command.o ABSOLUTE
    ../clib/angel/sysapp.c                   0x00000000   Number         0  sys_wrch.o ABSOLUTE
    ../clib/angel/sysapp.c                   0x00000000   Number         0  sys_exit.o ABSOLUTE
    ../clib/armsys.c                         0x00000000   Number         0  no_argv.o ABSOLUTE
    ../clib/armsys.c                         0x00000000   Number         0  argv_veneer.o ABSOLUTE
    ../clib/armsys.c                         0x00000000   Number         0  _get_argv_nomalloc.o ABSOLUTE
    ../clib/bigflt.c                         0x00000000   Number         0  bigflt0.o ABSOLUTE
    ../clib/btod.c                           0x00000000   Number         0  btod.o ABSOLUTE
    ../clib/ctype.c                          0x00000000   Number         0  isspace.o ABSOLUTE
    ../clib/division.s                       0x00000000   Number         0  aeabi_sdiv.o ABSOLUTE
    ../clib/division.s                       0x00000000   Number         0  aeabi_sdiv_div0.o ABSOLUTE
    ../clib/fenv.c                           0x00000000   Number         0  _rserrno.o ABSOLUTE
    ../clib/heapalloc.c                      0x00000000   Number         0  hrguard.o ABSOLUTE
    ../clib/heapaux.c                        0x00000000   Number         0  heapauxi.o ABSOLUTE
    ../clib/libinit.s                        0x00000000   Number         0  libshutdown.o ABSOLUTE
    ../clib/libinit.s                        0x00000000   Number         0  libinit2.o ABSOLUTE
    ../clib/libinit.s                        0x00000000   Number         0  libinit.o ABSOLUTE
    ../clib/libinit.s                        0x00000000   Number         0  libshutdown2.o ABSOLUTE
    ../clib/locale.s                         0x00000000   Number         0  lc_numeric_c.o ABSOLUTE
    ../clib/locale.s                         0x00000000   Number         0  lc_ctype_c.o ABSOLUTE
    ../clib/longlong.c                       0x00000000   Number         0  llmul.o ABSOLUTE
    ../clib/longlong.c                       0x00000000   Number         0  llshl.o ABSOLUTE
    ../clib/scanf.c                          0x00000000   Number         0  scanf_infnan.o ABSOLUTE
    ../clib/scanf.c                          0x00000000   Number         0  _scanf.o ABSOLUTE
    ../clib/scanf.c                          0x00000000   Number         0  scanf_fp.o ABSOLUTE
    ../clib/scanf.c                          0x00000000   Number         0  _chval.o ABSOLUTE
    ../clib/scanf.c                          0x00000000   Number         0  __0sscanf.o ABSOLUTE
    ../clib/scanf.c                          0x00000000   Number         0  _scanf_int.o ABSOLUTE
    ../clib/scanf.c                          0x00000000   Number         0  _scanf_str.o ABSOLUTE
    ../clib/scanf.c                          0x00000000   Number         0  _sgetc.o ABSOLUTE
    ../clib/scanf.c                          0x00000000   Number         0  scanf_hexfp.o ABSOLUTE
    ../clib/scanf.c                          0x00000000   Number         0  scanf_char.o ABSOLUTE
    ../clib/signal.c                         0x00000000   Number         0  defsig_fpe_inner.o ABSOLUTE
    ../clib/signal.c                         0x00000000   Number         0  defsig_fpe_formal.o ABSOLUTE
    ../clib/signal.c                         0x00000000   Number         0  defsig_fpe_outer.o ABSOLUTE
    ../clib/signal.c                         0x00000000   Number         0  defsig_exit.o ABSOLUTE
    ../clib/signal.c                         0x00000000   Number         0  defsig_abrt_inner.o ABSOLUTE
    ../clib/signal.c                         0x00000000   Number         0  defsig_rtmem_formal.o ABSOLUTE
    ../clib/signal.c                         0x00000000   Number         0  defsig_rtmem_outer.o ABSOLUTE
    ../clib/signal.c                         0x00000000   Number         0  defsig_rtred_inner.o ABSOLUTE
    ../clib/signal.c                         0x00000000   Number         0  defsig_rtmem_inner.o ABSOLUTE
    ../clib/signal.c                         0x00000000   Number         0  defsig_other.o ABSOLUTE
    ../clib/signal.c                         0x00000000   Number         0  defsig_stak_inner.o ABSOLUTE
    ../clib/signal.c                         0x00000000   Number         0  defsig_pvfn_inner.o ABSOLUTE
    ../clib/signal.c                         0x00000000   Number         0  defsig_cppl_inner.o ABSOLUTE
    ../clib/signal.c                         0x00000000   Number         0  defsig_general.o ABSOLUTE
    ../clib/signal.c                         0x00000000   Number         0  __raise.o ABSOLUTE
    ../clib/signal.c                         0x00000000   Number         0  defsig_segv_inner.o ABSOLUTE
    ../clib/signal.s                         0x00000000   Number         0  defsig.o ABSOLUTE
    ../clib/stdlib.c                         0x00000000   Number         0  exit.o ABSOLUTE
    ../clib/string.c                         0x00000000   Number         0  strcmp.o ABSOLUTE
    ../fplib/cfplib/cmpret.c                 0x00000000   Number         0  cmpret.o ABSOLUTE
    ../fplib/cfplib/d2f.c                    0x00000000   Number         0  d2f.o ABSOLUTE
    ../fplib/cfplib/daddsub.c                0x00000000   Number         0  daddsub.o ABSOLUTE
    ../fplib/cfplib/dcmpin.c                 0x00000000   Number         0  dcmpin.o ABSOLUTE
    ../fplib/cfplib/ddiv.c                   0x00000000   Number         0  ddiv.o ABSOLUTE
    ../fplib/cfplib/dmul.c                   0x00000000   Number         0  dmul.o ABSOLUTE
    ../fplib/cfplib/f2d.c                    0x00000000   Number         0  f2d.o ABSOLUTE
    ../fplib/cfplib/fdiv.c                   0x00000000   Number         0  fdiv.o ABSOLUTE
    ../fplib/cfplib/fflt.c                   0x00000000   Number         0  fflti.o ABSOLUTE
    ../fplib/cfplib/fpinit.c                 0x00000000   Number         0  fpinit.o ABSOLUTE
    ../fplib/cfplib/ieee_status.c            0x00000000   Number         0  ieee_status.o ABSOLUTE
    ../fplib/cfplib/nan2.c                   0x00000000   Number         0  dnan2.o ABSOLUTE
    ../fplib/cfplib/retnan.c                 0x00000000   Number         0  retnan.o ABSOLUTE
    ../fplib/cfplib/scalbn.c                 0x00000000   Number         0  dscalbn.o ABSOLUTE
    ../fplib/deqf6m.s                        0x00000000   Number         0  deqf.o ABSOLUTE
    ../fplib/dleqf6m.s                       0x00000000   Number         0  dlef.o ABSOLUTE
    ../fplib/drleqf6m.s                      0x00000000   Number         0  drlef.o ABSOLUTE
    ../fplib/faddsub6m.s                     0x00000000   Number         0  faddsub.o ABSOLUTE
    ../fplib/fmul6m.s                        0x00000000   Number         0  fmul.o ABSOLUTE
    ../fplib/fpconst.s                       0x00000000   Number         0  fpconst.o ABSOLUTE
    ../fplib/scanf1.s                        0x00000000   Number         0  scanf1.o ABSOLUTE
    ../fplib/scanf2.s                        0x00000000   Number         0  scanf2.o ABSOLUTE
    ../fplib/scanf2a.s                       0x00000000   Number         0  scanf2a.o ABSOLUTE
    ../fplib/scanf2b.s                       0x00000000   Number         0  scanf2b.o ABSOLUTE
    ../fplib/usenofp.s                       0x00000000   Number         0  usenofp.o ABSOLUTE
    ../mathlib/dunder.c                      0x00000000   Number         0  dunder.o ABSOLUTE
    ../mathlib/floor.c                       0x00000000   Number         0  floor.o ABSOLUTE
    ../mathlib/frexp.c                       0x00000000   Number         0  frexp.o ABSOLUTE
    ../mathlib/ldexp.c                       0x00000000   Number         0  ldexp.o ABSOLUTE
    ../mathlib/ldexp.c                       0x00000000   Number         0  ldexp_x.o ABSOLUTE
    ../mathlib/narrow.c                      0x00000000   Number         0  narrow.o ABSOLUTE
    ../mathlib/qnan.c                        0x00000000   Number         0  qnan.o ABSOLUTE
    Blinky.c                                 0x00000000   Number         0  blinky.o ABSOLUTE
    Blinky.c                                 0x00000000   Number         0  blinky.o ABSOLUTE
    MKL25z_I2C.c                             0x00000000   Number         0  mkl25z_i2c.o ABSOLUTE
    MKL25z_I2C.c                             0x00000000   Number         0  mkl25z_i2c.o ABSOLUTE
    dc.s                                     0x00000000   Number         0  dc.o ABSOLUTE
    startup_MKL25Z4.s                        0x00000000   Number         0  startup_mkl25z4.o ABSOLUTE
    system_MKL25Z4.c                         0x00000000   Number         0  system_mkl25z4.o ABSOLUTE
    system_MKL25Z4.c                         0x00000000   Number         0  system_mkl25z4.o ABSOLUTE
    uart.c                                   0x00000000   Number         0  uart.o ABSOLUTE
    uart.c                                   0x00000000   Number         0  uart.o ABSOLUTE
    !!!main                                  0x000000c0   Section        8  __main.o(!!!main)
    !!!scatter                               0x000000c8   Section       60  __scatter.o(!!!scatter)
    !!handler_copy                           0x00000104   Section       26  __scatter_copy.o(!!handler_copy)
    !!handler_zi                             0x00000120   Section       28  __scatter_zi.o(!!handler_zi)
    .ARM.Collect$$libinit$$00000000          0x0000013c   Section        2  libinit.o(.ARM.Collect$$libinit$$00000000)
    .ARM.Collect$$libinit$$00000002          0x0000013e   Section        0  libinit2.o(.ARM.Collect$$libinit$$00000002)
    .ARM.Collect$$libinit$$00000004          0x0000013e   Section        0  libinit2.o(.ARM.Collect$$libinit$$00000004)
    .ARM.Collect$$libinit$$0000000A          0x0000013e   Section        0  libinit2.o(.ARM.Collect$$libinit$$0000000A)
    .ARM.Collect$$libinit$$0000000C          0x0000013e   Section        0  libinit2.o(.ARM.Collect$$libinit$$0000000C)
    .ARM.Collect$$libinit$$0000000E          0x0000013e   Section        0  libinit2.o(.ARM.Collect$$libinit$$0000000E)
    .ARM.Collect$$libinit$$0000000F          0x0000013e   Section        6  libinit2.o(.ARM.Collect$$libinit$$0000000F)
    .ARM.Collect$$libinit$$00000011          0x00000144   Section        0  libinit2.o(.ARM.Collect$$libinit$$00000011)
    .ARM.Collect$$libinit$$00000012          0x00000144   Section       12  libinit2.o(.ARM.Collect$$libinit$$00000012)
    .ARM.Collect$$libinit$$00000013          0x00000150   Section        0  libinit2.o(.ARM.Collect$$libinit$$00000013)
    .ARM.Collect$$libinit$$00000015          0x00000150   Section        0  libinit2.o(.ARM.Collect$$libinit$$00000015)
    .ARM.Collect$$libinit$$00000016          0x00000150   Section       10  libinit2.o(.ARM.Collect$$libinit$$00000016)
    .ARM.Collect$$libinit$$00000017          0x0000015a   Section        0  libinit2.o(.ARM.Collect$$libinit$$00000017)
    .ARM.Collect$$libinit$$00000019          0x0000015a   Section        0  libinit2.o(.ARM.Collect$$libinit$$00000019)
    .ARM.Collect$$libinit$$0000001B          0x0000015a   Section        0  libinit2.o(.ARM.Collect$$libinit$$0000001B)
    .ARM.Collect$$libinit$$0000001D          0x0000015a   Section        0  libinit2.o(.ARM.Collect$$libinit$$0000001D)
    .ARM.Collect$$libinit$$0000001F          0x0000015a   Section        0  libinit2.o(.ARM.Collect$$libinit$$0000001F)
    .ARM.Collect$$libinit$$00000021          0x0000015a   Section        0  libinit2.o(.ARM.Collect$$libinit$$00000021)
    .ARM.Collect$$libinit$$00000023          0x0000015a   Section        0  libinit2.o(.ARM.Collect$$libinit$$00000023)
    .ARM.Collect$$libinit$$00000025          0x0000015a   Section        0  libinit2.o(.ARM.Collect$$libinit$$00000025)
    .ARM.Collect$$libinit$$0000002C          0x0000015a   Section        0  libinit2.o(.ARM.Collect$$libinit$$0000002C)
    .ARM.Collect$$libinit$$0000002E          0x0000015a   Section        0  libinit2.o(.ARM.Collect$$libinit$$0000002E)
    .ARM.Collect$$libinit$$00000030          0x0000015a   Section        0  libinit2.o(.ARM.Collect$$libinit$$00000030)
    .ARM.Collect$$libinit$$00000032          0x0000015a   Section        0  libinit2.o(.ARM.Collect$$libinit$$00000032)
    .ARM.Collect$$libinit$$00000033          0x0000015a   Section        2  libinit2.o(.ARM.Collect$$libinit$$00000033)
    .ARM.Collect$$libshutdown$$00000000      0x0000015c   Section        2  libshutdown.o(.ARM.Collect$$libshutdown$$00000000)
    .ARM.Collect$$libshutdown$$00000003      0x0000015e   Section        0  libshutdown2.o(.ARM.Collect$$libshutdown$$00000003)
    .ARM.Collect$$libshutdown$$00000006      0x0000015e   Section        0  libshutdown2.o(.ARM.Collect$$libshutdown$$00000006)
    .ARM.Collect$$libshutdown$$00000009      0x0000015e   Section        0  libshutdown2.o(.ARM.Collect$$libshutdown$$00000009)
    .ARM.Collect$$libshutdown$$0000000B      0x0000015e   Section        0  libshutdown2.o(.ARM.Collect$$libshutdown$$0000000B)
    .ARM.Collect$$libshutdown$$0000000E      0x0000015e   Section        0  libshutdown2.o(.ARM.Collect$$libshutdown$$0000000E)
    .ARM.Collect$$libshutdown$$0000000F      0x0000015e   Section        2  libshutdown2.o(.ARM.Collect$$libshutdown$$0000000F)
    .ARM.Collect$$rtentry$$00000000          0x00000160   Section        0  __rtentry.o(.ARM.Collect$$rtentry$$00000000)
    .ARM.Collect$$rtentry$$00000002          0x00000160   Section        0  __rtentry2.o(.ARM.Collect$$rtentry$$00000002)
    .ARM.Collect$$rtentry$$00000004          0x00000160   Section        6  __rtentry4.o(.ARM.Collect$$rtentry$$00000004)
    .ARM.Collect$$rtentry$$00000009          0x00000166   Section        0  __rtentry2.o(.ARM.Collect$$rtentry$$00000009)
    .ARM.Collect$$rtentry$$0000000A          0x00000166   Section        4  __rtentry2.o(.ARM.Collect$$rtentry$$0000000A)
    .ARM.Collect$$rtentry$$0000000C          0x0000016a   Section        0  __rtentry2.o(.ARM.Collect$$rtentry$$0000000C)
    .ARM.Collect$$rtentry$$0000000D          0x0000016a   Section        8  __rtentry2.o(.ARM.Collect$$rtentry$$0000000D)
    .ARM.Collect$$rtexit$$00000000           0x00000172   Section        2  rtexit.o(.ARM.Collect$$rtexit$$00000000)
    .ARM.Collect$$rtexit$$00000002           0x00000174   Section        0  rtexit2.o(.ARM.Collect$$rtexit$$00000002)
    .ARM.Collect$$rtexit$$00000003           0x00000174   Section        4  rtexit2.o(.ARM.Collect$$rtexit$$00000003)
    .ARM.Collect$$rtexit$$00000004           0x00000178   Section        6  rtexit2.o(.ARM.Collect$$rtexit$$00000004)
    .text                                    0x00000180   Section        0  system_mkl25z4.o(.text)
    .text                                    0x00000338   Section       52  startup_mkl25z4.o(.text)
    .text                                    0x0000036c   Section        0  __0sscanf.o(.text)
    .text                                    0x000003ac   Section        0  heapauxi.o(.text)
    .text                                    0x000003b2   Section        0  _chval.o(.text)
    .text                                    0x000003d0   Section        0  scanf_char.o(.text)
    _scanf_char_input                        0x000003d1   Thumb Code    12  scanf_char.o(.text)
    .ARM.__at_0x400                          0x00000400   Section       16  startup_mkl25z4.o(.ARM.__at_0x400)
    .text                                    0x00000410   Section        0  blinky.o(.text)
    NVIC_SetPriority                         0x000007a3   Thumb Code   220  blinky.o(.text)
    .text                                    0x00000880   Section        0  uart.o(.text)
    .text                                    0x00000a24   Section        0  mkl25z_i2c.o(.text)
    .text                                    0x00000c2c   Section        0  _scanf_int.o(.text)
    .text                                    0x00000d76   Section        0  _scanf_str.o(.text)
    .text                                    0x00000e5e   Section      346  aeabi_sdiv.o(.text)
    .text                                    0x00000fb8   Section        0  d2f.o(.text)
    .text                                    0x00001034   Section        0  ddiv.o(.text)
    .text                                    0x0000147c   Section        0  dmul.o(.text)
    .text                                    0x000016c4   Section        0  f2d.o(.text)
    .text                                    0x00001718   Section        0  fdiv.o(.text)
    .text                                    0x00001878   Section        0  fflti.o(.text)
    .text                                    0x000018d8   Section        0  scanf_fp.o(.text)
    _fp_value                                0x000018d9   Thumb Code   526  scanf_fp.o(.text)
    .text                                    0x00001da8   Section        0  _sgetc.o(.text)
    .text                                    0x00001dec   Section        0  daddsub.o(.text)
    _dadd1                                   0x00001ded   Thumb Code   290  daddsub.o(.text)
    _dsub1                                   0x00001f0f   Thumb Code   470  daddsub.o(.text)
    .text                                    0x00002144   Section        0  dcmpin.o(.text)
    .text                                    0x000021d4   Section        8  rt_locale_intlibspace.o(.text)
    .text                                    0x000021dc   Section        8  rt_errno_addr_intlibspace.o(.text)
    .text                                    0x000021e4   Section        0  llmul.o(.text)
    .text                                    0x00002214   Section        0  isspace.o(.text)
    .text                                    0x00002228   Section        0  _scanf.o(.text)
    .text                                    0x000025a8   Section        0  bigflt0.o(.text)
    .text                                    0x00002670   Section        0  btod.o(.text)
    btod_internal_mul                        0x000026b1   Thumb Code   456  btod.o(.text)
    btod_internal_div                        0x00002879   Thumb Code   494  btod.o(.text)
    .text                                    0x00002b18   Section        0  cmpret.o(.text)
    .text                                    0x00002b48   Section        0  dnan2.o(.text)
    .text                                    0x00002b5c   Section        8  libspace.o(.text)
    .text                                    0x00002b64   Section       62  sys_stackheap_outer.o(.text)
    .text                                    0x00002ba4   Section       16  rt_ctype_table.o(.text)
    .text                                    0x00002bb4   Section        0  _rserrno.o(.text)
    .text                                    0x00002bcc   Section        0  scanf_hexfp.o(.text)
    .text                                    0x00002ef4   Section        0  scanf_infnan.o(.text)
    .text                                    0x00003030   Section        0  exit.o(.text)
    .text                                    0x0000303c   Section        0  strcmp.o(.text)
    .text                                    0x000030c4   Section        0  retnan.o(.text)
    .text                                    0x00003122   Section        0  llshl.o(.text)
    .text                                    0x00003144   Section        0  dscalbn.o(.text)
    .text                                    0x000031a4   Section        0  sys_exit.o(.text)
    .text                                    0x000031b0   Section        2  use_no_semi.o(.text)
    .text                                    0x000031b2   Section        0  indicate_semi.o(.text)
    i.__ARM_common_ll_muluu                  0x000031b2   Section        0  btod.o(i.__ARM_common_ll_muluu)
    i.__ARM_common_switch8                   0x000031e2   Section        0  system_mkl25z4.o(i.__ARM_common_switch8)
    i.__mathlib_dbl_overflow                 0x00003200   Section        0  dunder.o(i.__mathlib_dbl_overflow)
    i.__mathlib_dbl_underflow                0x00003214   Section        0  dunder.o(i.__mathlib_dbl_underflow)
    i.__mathlib_narrow                       0x00003228   Section        0  narrow.o(i.__mathlib_narrow)
    i.__mathlib_tofloat                      0x00003238   Section        0  narrow.o(i.__mathlib_tofloat)
    i.__support_ldexp                        0x000032c4   Section        0  ldexp.o(i.__support_ldexp)
    i._is_digit                              0x000032d8   Section        0  scanf_fp.o(i._is_digit)
    i.floor                                  0x000032e8   Section        0  floor.o(i.floor)
    i.frexp                                  0x000033b0   Section        0  frexp.o(i.frexp)
    i.ldexp                                  0x00003408   Section        0  ldexp.o(i.ldexp)
    locale$$code                             0x00003478   Section       44  lc_numeric_c.o(locale$$code)
    locale$$code                             0x000034a4   Section       44  lc_ctype_c.o(locale$$code)
    x$fpl$deqf                               0x000034d0   Section      100  deqf.o(x$fpl$deqf)
    x$fpl$dleqf                              0x00003534   Section      100  dlef.o(x$fpl$dleqf)
    x$fpl$drleqf                             0x00003598   Section      104  drlef.o(x$fpl$drleqf)
    x$fpl$fadd                               0x00003600   Section      140  faddsub.o(x$fpl$fadd)
    _fadd1                                   0x0000360d   Thumb Code     0  faddsub.o(x$fpl$fadd)
    x$fpl$fmul                               0x0000368c   Section      176  fmul.o(x$fpl$fmul)
    x$fpl$frsb                               0x0000373c   Section       24  faddsub.o(x$fpl$frsb)
    x$fpl$fsub                               0x00003754   Section      208  faddsub.o(x$fpl$fsub)
    _fsub1                                   0x00003761   Thumb Code     0  faddsub.o(x$fpl$fsub)
    x$fpl$scanf1                             0x00003824   Section       16  scanf1.o(x$fpl$scanf1)
    x$fpl$scanf2                             0x00003834   Section       32  scanf2.o(x$fpl$scanf2)
    .constdata                               0x00003854   Section      128  ddiv.o(.constdata)
    x$fpl$usenofp                            0x00003854   Section        0  usenofp.o(x$fpl$usenofp)
    ddiv_reciptbl                            0x00003854   Data         128  ddiv.o(.constdata)
    .constdata                               0x000038d4   Section       64  fdiv.o(.constdata)
    fdiv_tab                                 0x000038d4   Data          64  fdiv.o(.constdata)
    .constdata                               0x00003914   Section      148  bigflt0.o(.constdata)
    tenpwrs_x                                0x00003914   Data          60  bigflt0.o(.constdata)
    tenpwrs_i                                0x00003950   Data          64  bigflt0.o(.constdata)
    c$$dinf                                  0x000039c8   Section        8  fpconst.o(c$$dinf)
    locale$$data                             0x000039d0   Section       28  lc_numeric_c.o(locale$$data)
    __lcnum_c_name                           0x000039d4   Data           2  lc_numeric_c.o(locale$$data)
    __lcnum_c_start                          0x000039dc   Data           0  lc_numeric_c.o(locale$$data)
    __lcnum_c_point                          0x000039e8   Data           0  lc_numeric_c.o(locale$$data)
    __lcnum_c_thousands                      0x000039ea   Data           0  lc_numeric_c.o(locale$$data)
    __lcnum_c_grouping                       0x000039eb   Data           0  lc_numeric_c.o(locale$$data)
    locale$$data                             0x000039ec   Section      272  lc_ctype_c.o(locale$$data)
    __lcnum_c_end                            0x000039ec   Data           0  lc_numeric_c.o(locale$$data)
    __lcctype_c_name                         0x000039f0   Data           2  lc_ctype_c.o(locale$$data)
    __lcctype_c_start                        0x000039f8   Data           0  lc_ctype_c.o(locale$$data)
    __lcctype_c_end                          0x00003afc   Data           0  lc_ctype_c.o(locale$$data)
    .data                                    0x1ffff800   Section        4  system_mkl25z4.o(.data)
    .data                                    0x1ffff804   Section       24  blinky.o(.data)
    .bss                                     0x1ffff81c   Section      256  blinky.o(.bss)
    .bss                                     0x1ffff91c   Section       96  libspace.o(.bss)
    HEAP                                     0x1ffff980   Section        0  startup_mkl25z4.o(HEAP)
    STACK                                    0x1ffff980   Section     1024  startup_mkl25z4.o(STACK)
    Heap_Mem                                 0x1ffff980   Data           0  startup_mkl25z4.o(HEAP)
    Stack_Mem                                0x1ffff980   Data        1024  startup_mkl25z4.o(STACK)
    __initial_sp                             0x1ffffd80   Data           0  startup_mkl25z4.o(STACK)

    Global Symbols

    Symbol Name                              Value     Ov Type        Size  Object(Section)

    BuildAttributes$$THM_ISAv3M$S$PE$A:L22$X:L11$S22$IEEE1$IW$USESV6$~STKCKD$USESV7$~SHL$OTIME$ROPI$IEEEX$EBA8$UX$STANDARDLIB$REQ8$PRES8$EABIv2 0x00000000   Number         0  anon$$obj.o ABSOLUTE
    __ARM_use_no_argv                        0x00000000   Number         0  blinky.o ABSOLUTE
    __Vectors                                0x00000000   Data           4  startup_mkl25z4.o(RESET)
    __ARM_exceptions_init                     - Undefined Weak Reference
    __alloca_initialize                       - Undefined Weak Reference
    __arm_preinit_                            - Undefined Weak Reference
    __cpp_initialize__aeabi_                  - Undefined Weak Reference
    __cxa_finalize                            - Undefined Weak Reference
    __sigvec_lookup                           - Undefined Weak Reference
    _atexit_init                              - Undefined Weak Reference
    _call_atexit_fns                          - Undefined Weak Reference
    _clock_init                               - Undefined Weak Reference
    _fp_trap_init                             - Undefined Weak Reference
    _fp_trap_shutdown                         - Undefined Weak Reference
    _get_lc_collate                           - Undefined Weak Reference
    _get_lc_monetary                          - Undefined Weak Reference
    _get_lc_time                              - Undefined Weak Reference
    _getenv_init                              - Undefined Weak Reference
    _handle_redirection                       - Undefined Weak Reference
    _init_alloc                               - Undefined Weak Reference
    _init_user_alloc                          - Undefined Weak Reference
    _initio                                   - Undefined Weak Reference
    _rand_init                                - Undefined Weak Reference
    _scanf_longlong                           - Undefined Weak Reference
    _scanf_mbtowc                             - Undefined Weak Reference
    _scanf_wctomb                             - Undefined Weak Reference
    _scanf_wstring                            - Undefined Weak Reference
    _signal_finish                            - Undefined Weak Reference
    _signal_init                              - Undefined Weak Reference
    _terminate_alloc                          - Undefined Weak Reference
    _terminate_user_alloc                     - Undefined Weak Reference
    _terminateio                              - Undefined Weak Reference
    __Vectors_End                            0x000000c0   Data           0  startup_mkl25z4.o(RESET)
    __Vectors_Size                           0x000000c0   Number         0  startup_mkl25z4.o ABSOLUTE
    __main                                   0x000000c1   Thumb Code     8  __main.o(!!!main)
    __scatterload                            0x000000c9   Thumb Code     0  __scatter.o(!!!scatter)
    __scatterload_rt2                        0x000000c9   Thumb Code    52  __scatter.o(!!!scatter)
    __scatterload_rt2_thumb_only             0x000000c9   Thumb Code     0  __scatter.o(!!!scatter)
    __scatterload_null                       0x000000d9   Thumb Code     0  __scatter.o(!!!scatter)
    __scatterload_copy                       0x00000105   Thumb Code    26  __scatter_copy.o(!!handler_copy)
    __scatterload_zeroinit                   0x00000121   Thumb Code    28  __scatter_zi.o(!!handler_zi)
    __rt_lib_init                            0x0000013d   Thumb Code     0  libinit.o(.ARM.Collect$$libinit$$00000000)
    __rt_lib_init_fp_1                       0x0000013f   Thumb Code     0  libinit2.o(.ARM.Collect$$libinit$$00000002)
    __rt_lib_init_heap_1                     0x0000013f   Thumb Code     0  libinit2.o(.ARM.Collect$$libinit$$0000000A)
    __rt_lib_init_lc_common                  0x0000013f   Thumb Code     0  libinit2.o(.ARM.Collect$$libinit$$0000000F)
    __rt_lib_init_preinit_1                  0x0000013f   Thumb Code     0  libinit2.o(.ARM.Collect$$libinit$$00000004)
    __rt_lib_init_rand_1                     0x0000013f   Thumb Code     0  libinit2.o(.ARM.Collect$$libinit$$0000000E)
    __rt_lib_init_user_alloc_1               0x0000013f   Thumb Code     0  libinit2.o(.ARM.Collect$$libinit$$0000000C)
    __rt_lib_init_lc_collate_1               0x00000145   Thumb Code     0  libinit2.o(.ARM.Collect$$libinit$$00000011)
    __rt_lib_init_lc_ctype_2                 0x00000145   Thumb Code     0  libinit2.o(.ARM.Collect$$libinit$$00000012)
    __rt_lib_init_lc_ctype_1                 0x00000151   Thumb Code     0  libinit2.o(.ARM.Collect$$libinit$$00000013)
    __rt_lib_init_lc_monetary_1              0x00000151   Thumb Code     0  libinit2.o(.ARM.Collect$$libinit$$00000015)
    __rt_lib_init_lc_numeric_2               0x00000151   Thumb Code     0  libinit2.o(.ARM.Collect$$libinit$$00000016)
    __rt_lib_init_alloca_1                   0x0000015b   Thumb Code     0  libinit2.o(.ARM.Collect$$libinit$$0000002E)
    __rt_lib_init_argv_1                     0x0000015b   Thumb Code     0  libinit2.o(.ARM.Collect$$libinit$$0000002C)
    __rt_lib_init_atexit_1                   0x0000015b   Thumb Code     0  libinit2.o(.ARM.Collect$$libinit$$0000001B)
    __rt_lib_init_clock_1                    0x0000015b   Thumb Code     0  libinit2.o(.ARM.Collect$$libinit$$00000021)
    __rt_lib_init_cpp_1                      0x0000015b   Thumb Code     0  libinit2.o(.ARM.Collect$$libinit$$00000032)
    __rt_lib_init_exceptions_1               0x0000015b   Thumb Code     0  libinit2.o(.ARM.Collect$$libinit$$00000030)
    __rt_lib_init_fp_trap_1                  0x0000015b   Thumb Code     0  libinit2.o(.ARM.Collect$$libinit$$0000001F)
    __rt_lib_init_getenv_1                   0x0000015b   Thumb Code     0  libinit2.o(.ARM.Collect$$libinit$$00000023)
    __rt_lib_init_lc_numeric_1               0x0000015b   Thumb Code     0  libinit2.o(.ARM.Collect$$libinit$$00000017)
    __rt_lib_init_lc_time_1                  0x0000015b   Thumb Code     0  libinit2.o(.ARM.Collect$$libinit$$00000019)
    __rt_lib_init_return                     0x0000015b   Thumb Code     0  libinit2.o(.ARM.Collect$$libinit$$00000033)
    __rt_lib_init_signal_1                   0x0000015b   Thumb Code     0  libinit2.o(.ARM.Collect$$libinit$$0000001D)
    __rt_lib_init_stdio_1                    0x0000015b   Thumb Code     0  libinit2.o(.ARM.Collect$$libinit$$00000025)
    __rt_lib_shutdown                        0x0000015d   Thumb Code     0  libshutdown.o(.ARM.Collect$$libshutdown$$00000000)
    __rt_lib_shutdown_fp_trap_1              0x0000015f   Thumb Code     0  libshutdown2.o(.ARM.Collect$$libshutdown$$00000006)
    __rt_lib_shutdown_heap_1                 0x0000015f   Thumb Code     0  libshutdown2.o(.ARM.Collect$$libshutdown$$0000000E)
    __rt_lib_shutdown_return                 0x0000015f   Thumb Code     0  libshutdown2.o(.ARM.Collect$$libshutdown$$0000000F)
    __rt_lib_shutdown_signal_1               0x0000015f   Thumb Code     0  libshutdown2.o(.ARM.Collect$$libshutdown$$00000009)
    __rt_lib_shutdown_stdio_1                0x0000015f   Thumb Code     0  libshutdown2.o(.ARM.Collect$$libshutdown$$00000003)
    __rt_lib_shutdown_user_alloc_1           0x0000015f   Thumb Code     0  libshutdown2.o(.ARM.Collect$$libshutdown$$0000000B)
    __rt_entry                               0x00000161   Thumb Code     0  __rtentry.o(.ARM.Collect$$rtentry$$00000000)
    __rt_entry_presh_1                       0x00000161   Thumb Code     0  __rtentry2.o(.ARM.Collect$$rtentry$$00000002)
    __rt_entry_sh                            0x00000161   Thumb Code     0  __rtentry4.o(.ARM.Collect$$rtentry$$00000004)
    __rt_entry_li                            0x00000167   Thumb Code     0  __rtentry2.o(.ARM.Collect$$rtentry$$0000000A)
    __rt_entry_postsh_1                      0x00000167   Thumb Code     0  __rtentry2.o(.ARM.Collect$$rtentry$$00000009)
    __rt_entry_main                          0x0000016b   Thumb Code     0  __rtentry2.o(.ARM.Collect$$rtentry$$0000000D)
    __rt_entry_postli_1                      0x0000016b   Thumb Code     0  __rtentry2.o(.ARM.Collect$$rtentry$$0000000C)
    __rt_exit                                0x00000173   Thumb Code     0  rtexit.o(.ARM.Collect$$rtexit$$00000000)
    __rt_exit_ls                             0x00000175   Thumb Code     0  rtexit2.o(.ARM.Collect$$rtexit$$00000003)
    __rt_exit_prels_1                        0x00000175   Thumb Code     0  rtexit2.o(.ARM.Collect$$rtexit$$00000002)
    __rt_exit_exit                           0x00000179   Thumb Code     0  rtexit2.o(.ARM.Collect$$rtexit$$00000004)
    SystemInit                               0x00000181   Thumb Code    86  system_mkl25z4.o(.text)
    SystemCoreClockUpdate                    0x000001d7   Thumb Code   322  system_mkl25z4.o(.text)
    Reset_Handler                            0x00000339   Thumb Code     8  startup_mkl25z4.o(.text)
    NMI_Handler                              0x00000341   Thumb Code     2  startup_mkl25z4.o(.text)
    HardFault_Handler                        0x00000343   Thumb Code     2  startup_mkl25z4.o(.text)
    SVC_Handler                              0x00000345   Thumb Code     2  startup_mkl25z4.o(.text)
    PendSV_Handler                           0x00000347   Thumb Code     2  startup_mkl25z4.o(.text)
    ADC0_IRQHandler                          0x0000034b   Thumb Code     0  startup_mkl25z4.o(.text)
    CMP0_IRQHandler                          0x0000034b   Thumb Code     0  startup_mkl25z4.o(.text)
    DAC0_IRQHandler                          0x0000034b   Thumb Code     0  startup_mkl25z4.o(.text)
    DMA0_IRQHandler                          0x0000034b   Thumb Code     0  startup_mkl25z4.o(.text)
    DMA1_IRQHandler                          0x0000034b   Thumb Code     0  startup_mkl25z4.o(.text)
    DMA2_IRQHandler                          0x0000034b   Thumb Code     0  startup_mkl25z4.o(.text)
    DMA3_IRQHandler                          0x0000034b   Thumb Code     0  startup_mkl25z4.o(.text)
    DefaultISR                               0x0000034b   Thumb Code     0  startup_mkl25z4.o(.text)
    FTFA_IRQHandler                          0x0000034b   Thumb Code     0  startup_mkl25z4.o(.text)
    I2C0_IRQHandler                          0x0000034b   Thumb Code     0  startup_mkl25z4.o(.text)
    I2C1_IRQHandler                          0x0000034b   Thumb Code     0  startup_mkl25z4.o(.text)
    LLW_IRQHandler                           0x0000034b   Thumb Code     0  startup_mkl25z4.o(.text)
    LPTimer_IRQHandler                       0x0000034b   Thumb Code     0  startup_mkl25z4.o(.text)
    LVD_LVW_IRQHandler                       0x0000034b   Thumb Code     0  startup_mkl25z4.o(.text)
    MCG_IRQHandler                           0x0000034b   Thumb Code     0  startup_mkl25z4.o(.text)
    PIT_IRQHandler                           0x0000034b   Thumb Code     0  startup_mkl25z4.o(.text)
    PORTA_IRQHandler                         0x0000034b   Thumb Code     0  startup_mkl25z4.o(.text)
    PORTD_IRQHandler                         0x0000034b   Thumb Code     0  startup_mkl25z4.o(.text)
    RTC_IRQHandler                           0x0000034b   Thumb Code     0  startup_mkl25z4.o(.text)
    RTC_Seconds_IRQHandler                   0x0000034b   Thumb Code     0  startup_mkl25z4.o(.text)
    Reserved20_IRQHandler                    0x0000034b   Thumb Code     0  startup_mkl25z4.o(.text)
    Reserved39_IRQHandler                    0x0000034b   Thumb Code     0  startup_mkl25z4.o(.text)
    Reserved45_IRQHandler                    0x0000034b   Thumb Code     0  startup_mkl25z4.o(.text)
    SPI0_IRQHandler                          0x0000034b   Thumb Code     0  startup_mkl25z4.o(.text)
    SPI1_IRQHandler                          0x0000034b   Thumb Code     0  startup_mkl25z4.o(.text)
    TPM0_IRQHandler                          0x0000034b   Thumb Code     0  startup_mkl25z4.o(.text)
    TPM1_IRQHandler                          0x0000034b   Thumb Code     0  startup_mkl25z4.o(.text)
    TPM2_IRQHandler                          0x0000034b   Thumb Code     0  startup_mkl25z4.o(.text)
    TSI0_IRQHandler                          0x0000034b   Thumb Code     0  startup_mkl25z4.o(.text)
    UART0_IRQHandler                         0x0000034b   Thumb Code     0  startup_mkl25z4.o(.text)
    UART1_IRQHandler                         0x0000034b   Thumb Code     0  startup_mkl25z4.o(.text)
    UART2_IRQHandler                         0x0000034b   Thumb Code     0  startup_mkl25z4.o(.text)
    USB0_IRQHandler                          0x0000034b   Thumb Code     0  startup_mkl25z4.o(.text)
    __user_initial_stackheap                 0x0000034d   Thumb Code     0  startup_mkl25z4.o(.text)
    __0sscanf                                0x0000036d   Thumb Code    54  __0sscanf.o(.text)
    __use_two_region_memory                  0x000003ad   Thumb Code     2  heapauxi.o(.text)
    __rt_heap_escrow$2region                 0x000003af   Thumb Code     2  heapauxi.o(.text)
    __rt_heap_expand$2region                 0x000003b1   Thumb Code     2  heapauxi.o(.text)
    _chval                                   0x000003b3   Thumb Code    30  _chval.o(.text)
    __vfscanf_char                           0x000003dd   Thumb Code    28  scanf_char.o(.text)
    SysTick_Handler                          0x00000411   Thumb Code    12  blinky.o(.text)
    get_serial                               0x0000041d   Thumb Code    38  blinky.o(.text)
    GPSline                                  0x00000443   Thumb Code    78  blinky.o(.text)
    trunca                                   0x00000491   Thumb Code   114  blinky.o(.text)
    getlock                                  0x00000503   Thumb Code   262  blinky.o(.text)
    READ_adxl                                0x00000609   Thumb Code   142  blinky.o(.text)
    main                                     0x00000697   Thumb Code   268  blinky.o(.text)
    uart0_init                               0x00000881   Thumb Code   356  uart.o(.text)
    uart0_getchar                            0x000009e5   Thumb Code    20  uart.o(.text)
    uart0_putchar                            0x000009f9   Thumb Code    20  uart.o(.text)
    uart0_getchar_present                    0x00000a0d   Thumb Code    10  uart.o(.text)
    i2c_start                                0x00000a25   Thumb Code    54  mkl25z_i2c.o(.text)
    i2c_stop                                 0x00000a5b   Thumb Code    52  mkl25z_i2c.o(.text)
    i2c_wait_end_tx_transfer                 0x00000a8f   Thumb Code    34  mkl25z_i2c.o(.text)
    i2c_wait_end_rx_transfer                 0x00000ab1   Thumb Code    28  mkl25z_i2c.o(.text)
    i2c_send_nack                            0x00000acd   Thumb Code    14  mkl25z_i2c.o(.text)
    i2c_send_ack                             0x00000adb   Thumb Code    14  mkl25z_i2c.o(.text)
    i2c_do_write                             0x00000ae9   Thumb Code    14  mkl25z_i2c.o(.text)
    i2c_do_read                              0x00000af7   Thumb Code    32  mkl25z_i2c.o(.text)
    I2C_configure                            0x00000b17   Thumb Code    36  mkl25z_i2c.o(.text)
    I2C_send                                 0x00000b3b   Thumb Code    74  mkl25z_i2c.o(.text)
    I2C_read                                 0x00000b85   Thumb Code   144  mkl25z_i2c.o(.text)
    I2C_powerDown                            0x00000c15   Thumb Code    14  mkl25z_i2c.o(.text)
    _scanf_int                               0x00000c2d   Thumb Code   330  _scanf_int.o(.text)
    _scanf_string                            0x00000d77   Thumb Code   232  _scanf_str.o(.text)
    __aeabi_uidiv                            0x00000e5f   Thumb Code     0  aeabi_sdiv.o(.text)
    __aeabi_uidivmod                         0x00000e5f   Thumb Code    20  aeabi_sdiv.o(.text)
    __aeabi_idiv                             0x00000e73   Thumb Code     0  aeabi_sdiv.o(.text)
    __aeabi_idivmod                          0x00000e73   Thumb Code   326  aeabi_sdiv.o(.text)
    __aeabi_d2f                              0x00000fb9   Thumb Code     0  d2f.o(.text)
    _d2f                                     0x00000fb9   Thumb Code   120  d2f.o(.text)
    __aeabi_ddiv                             0x00001035   Thumb Code     0  ddiv.o(.text)
    _ddiv                                    0x00001035   Thumb Code  1072  ddiv.o(.text)
    _drdiv                                   0x00001465   Thumb Code    20  ddiv.o(.text)
    __aeabi_dmul                             0x0000147d   Thumb Code     0  dmul.o(.text)
    _dmul                                    0x0000147d   Thumb Code   558  dmul.o(.text)
    __aeabi_f2d                              0x000016c5   Thumb Code     0  f2d.o(.text)
    _f2d                                     0x000016c5   Thumb Code    80  f2d.o(.text)
    __aeabi_fdiv                             0x00001719   Thumb Code     0  fdiv.o(.text)
    _fdiv                                    0x00001719   Thumb Code   334  fdiv.o(.text)
    _frdiv                                   0x00001867   Thumb Code     8  fdiv.o(.text)
    __aeabi_i2f_normalise                    0x00001879   Thumb Code    72  fflti.o(.text)
    __aeabi_i2f                              0x000018c1   Thumb Code    16  fflti.o(.text)
    _fflt                                    0x000018c1   Thumb Code     0  fflti.o(.text)
    __aeabi_ui2f                             0x000018d1   Thumb Code     6  fflti.o(.text)
    _ffltu                                   0x000018d1   Thumb Code     0  fflti.o(.text)
    _scanf_really_real                       0x00001ae7   Thumb Code   706  scanf_fp.o(.text)
    _sgetc                                   0x00001da9   Thumb Code    32  _sgetc.o(.text)
    _sbackspace                              0x00001dc9   Thumb Code    36  _sgetc.o(.text)
    __aeabi_dadd                             0x000020e5   Thumb Code     0  daddsub.o(.text)
    _dadd                                    0x000020e5   Thumb Code    26  daddsub.o(.text)
    __aeabi_dsub                             0x000020ff   Thumb Code     0  daddsub.o(.text)
    _dsub                                    0x000020ff   Thumb Code    22  daddsub.o(.text)
    __aeabi_drsub                            0x00002115   Thumb Code     0  daddsub.o(.text)
    _drsb                                    0x00002115   Thumb Code    28  daddsub.o(.text)
    __fpl_dcmp_InfNaN                        0x00002145   Thumb Code   140  dcmpin.o(.text)
    __rt_locale                              0x000021d5   Thumb Code     8  rt_locale_intlibspace.o(.text)
    __aeabi_errno_addr                       0x000021dd   Thumb Code     8  rt_errno_addr_intlibspace.o(.text)
    __errno$intlibspace                      0x000021dd   Thumb Code     0  rt_errno_addr_intlibspace.o(.text)
    __rt_errno_addr$intlibspace              0x000021dd   Thumb Code     0  rt_errno_addr_intlibspace.o(.text)
    __aeabi_lmul                             0x000021e5   Thumb Code    48  llmul.o(.text)
    _ll_mul                                  0x000021e5   Thumb Code     0  llmul.o(.text)
    isspace                                  0x00002215   Thumb Code    18  isspace.o(.text)
    __vfscanf                                0x00002229   Thumb Code   880  _scanf.o(.text)
    _btod_etento                             0x000025a9   Thumb Code   196  bigflt0.o(.text)
    _btod_d2e                                0x00002671   Thumb Code    64  btod.o(.text)
    _btod_emul                               0x00002a67   Thumb Code    24  btod.o(.text)
    _btod_emuld                              0x00002a7f   Thumb Code    60  btod.o(.text)
    _btod_ediv                               0x00002abb   Thumb Code    22  btod.o(.text)
    _btod_edivd                              0x00002ad1   Thumb Code    60  btod.o(.text)
    __fpl_cmpreturn                          0x00002b19   Thumb Code    44  cmpret.o(.text)
    __fpl_dcheck_NaN2                        0x00002b49   Thumb Code    14  dnan2.o(.text)
    __user_libspace                          0x00002b5d   Thumb Code     8  libspace.o(.text)
    __user_perproc_libspace                  0x00002b5d   Thumb Code     0  libspace.o(.text)
    __user_perthread_libspace                0x00002b5d   Thumb Code     0  libspace.o(.text)
    __user_setup_stackheap                   0x00002b65   Thumb Code    62  sys_stackheap_outer.o(.text)
    __rt_ctype_table                         0x00002ba5   Thumb Code    16  rt_ctype_table.o(.text)
    __read_errno                             0x00002bb5   Thumb Code    10  _rserrno.o(.text)
    __set_errno                              0x00002bbf   Thumb Code    12  _rserrno.o(.text)
    _scanf_really_hex_real                   0x00002bcd   Thumb Code   796  scanf_hexfp.o(.text)
    _scanf_really_infnan                     0x00002ef5   Thumb Code   300  scanf_infnan.o(.text)
    exit                                     0x00003031   Thumb Code    12  exit.o(.text)
    strcmp                                   0x0000303d   Thumb Code   132  strcmp.o(.text)
    __fpl_return_NaN                         0x000030c5   Thumb Code    94  retnan.o(.text)
    __aeabi_llsl                             0x00003123   Thumb Code    32  llshl.o(.text)
    _ll_shift_l                              0x00003123   Thumb Code     0  llshl.o(.text)
    __ARM_scalbn                             0x00003145   Thumb Code    84  dscalbn.o(.text)
    _sys_exit                                0x000031a5   Thumb Code     8  sys_exit.o(.text)
    __I$use$semihosting                      0x000031b1   Thumb Code     0  use_no_semi.o(.text)
    __use_no_semihosting_swi                 0x000031b1   Thumb Code     2  use_no_semi.o(.text)
    __ARM_common_ll_muluu                    0x000031b3   Thumb Code    48  btod.o(i.__ARM_common_ll_muluu)
    __semihosting_library_function           0x000031b3   Thumb Code     0  indicate_semi.o(.text)
    __ARM_common_switch8                     0x000031e3   Thumb Code    28  system_mkl25z4.o(i.__ARM_common_switch8)
    __mathlib_dbl_overflow                   0x00003201   Thumb Code    16  dunder.o(i.__mathlib_dbl_overflow)
    __mathlib_dbl_underflow                  0x00003215   Thumb Code    14  dunder.o(i.__mathlib_dbl_underflow)
    __mathlib_narrow                         0x00003229   Thumb Code    16  narrow.o(i.__mathlib_narrow)
    __mathlib_tofloat                        0x00003239   Thumb Code   130  narrow.o(i.__mathlib_tofloat)
    __support_ldexp                          0x000032c5   Thumb Code    20  ldexp.o(i.__support_ldexp)
    _is_digit                                0x000032d9   Thumb Code    14  scanf_fp.o(i._is_digit)
    floor                                    0x000032e9   Thumb Code   180  floor.o(i.floor)
    frexp                                    0x000033b1   Thumb Code    72  frexp.o(i.frexp)
    ldexp                                    0x00003409   Thumb Code   112  ldexp.o(i.ldexp)
    _get_lc_numeric                          0x00003479   Thumb Code    44  lc_numeric_c.o(locale$$code)
    _get_lc_ctype                            0x000034a5   Thumb Code    44  lc_ctype_c.o(locale$$code)
    __aeabi_cdcmpeq                          0x000034d1   Thumb Code     0  deqf.o(x$fpl$deqf)
    _dcmpeq                                  0x000034d1   Thumb Code    94  deqf.o(x$fpl$deqf)
    __aeabi_cdcmple                          0x00003535   Thumb Code     0  dlef.o(x$fpl$dleqf)
    _dcmple                                  0x00003535   Thumb Code    94  dlef.o(x$fpl$dleqf)
    __aeabi_cdrcmple                         0x00003599   Thumb Code     0  drlef.o(x$fpl$drleqf)
    _drcmple                                 0x00003599   Thumb Code   100  drlef.o(x$fpl$drleqf)
    __aeabi_fadd                             0x00003601   Thumb Code     0  faddsub.o(x$fpl$fadd)
    _fadd                                    0x00003601   Thumb Code   134  faddsub.o(x$fpl$fadd)
    __aeabi_fmul                             0x0000368d   Thumb Code     0  fmul.o(x$fpl$fmul)
    _fmul                                    0x0000368d   Thumb Code   172  fmul.o(x$fpl$fmul)
    __aeabi_frsub                            0x0000373d   Thumb Code     0  faddsub.o(x$fpl$frsb)
    _frsb                                    0x0000373d   Thumb Code    24  faddsub.o(x$fpl$frsb)
    __aeabi_fsub                             0x00003755   Thumb Code     0  faddsub.o(x$fpl$fsub)
    _fsub                                    0x00003755   Thumb Code   204  faddsub.o(x$fpl$fsub)
    _scanf_real                              0x00003825   Thumb Code    16  scanf1.o(x$fpl$scanf1)
    _scanf_hex_real                          0x00003835   Thumb Code    16  scanf2.o(x$fpl$scanf2)
    _scanf_infnan                            0x00003845   Thumb Code    16  scanf2.o(x$fpl$scanf2)
    __I$use$fp                               0x00003854   Number         0  usenofp.o(x$fpl$usenofp)
    Region$$Table$$Base                      0x000039a8   Number         0  anon$$obj.o(Region$$Table)
    Region$$Table$$Limit                     0x000039c8   Number         0  anon$$obj.o(Region$$Table)
    __aeabi_HUGE_VAL                         0x000039c8   Data           0  fpconst.o(c$$dinf)
    __aeabi_HUGE_VALL                        0x000039c8   Data           0  fpconst.o(c$$dinf)
    __aeabi_INFINITY                         0x000039c8   Data           0  fpconst.o(c$$dinf)
    __dInf                                   0x000039c8   Data           0  fpconst.o(c$$dinf)
    __huge_val                               0x000039c8   Data           0  fpconst.o(c$$dinf)
    __ctype                                  0x000039f9   Data           0  lc_ctype_c.o(locale$$data)
    SystemCoreClock                          0x1ffff800   Data           4  system_mkl25z4.o(.data)
    msTicks                                  0x1ffff804   Data           4  blinky.o(.data)
    lock                                     0x1ffff808   Data           4  blinky.o(.data)
    longitude                                0x1ffff80c   Data           4  blinky.o(.data)
    latitude                                 0x1ffff810   Data           4  blinky.o(.data)
    count                                    0x1ffff814   Data           4  blinky.o(.data)
    oriantation                              0x1ffff818   Data           4  blinky.o(.data)
    gpsbuffer                                0x1ffff81c   Data         256  blinky.o(.bss)
    __libspace_start                         0x1ffff91c   Data          96  libspace.o(.bss)
    __temporary_stack_top$libspace           0x1ffff97c   Data           0  libspace.o(.bss)



==============================================================================

Memory Map of the image

  Image Entry point : 0x000000c1

  Load Region LR_IROM1 (Base: 0x00000000, Size: 0x00003b18, Max: 0x00010000, ABSOLUTE)

    Execution Region ER_IROM1 (Base: 0x00000000, Size: 0x00003afc, Max: 0x00010000, ABSOLUTE)

    Base Addr    Size         Type   Attr      Idx    E Section Name        Object

    0x00000000   0x000000c0   Data   RO           49    RESET               startup_mkl25z4.o
    0x000000c0   0x00000008   Code   RO          161  * !!!main             c_p.l(__main.o)
    0x000000c8   0x0000003c   Code   RO          475    !!!scatter          c_p.l(__scatter.o)
    0x00000104   0x0000001a   Code   RO          477    !!handler_copy      c_p.l(__scatter_copy.o)
    0x0000011e   0x00000002   PAD
    0x00000120   0x0000001c   Code   RO          479    !!handler_zi        c_p.l(__scatter_zi.o)
    0x0000013c   0x00000002   Code   RO          306    .ARM.Collect$$libinit$$00000000  c_p.l(libinit.o)
    0x0000013e   0x00000000   Code   RO          308    .ARM.Collect$$libinit$$00000002  c_p.l(libinit2.o)
    0x0000013e   0x00000000   Code   RO          310    .ARM.Collect$$libinit$$00000004  c_p.l(libinit2.o)
    0x0000013e   0x00000000   Code   RO          313    .ARM.Collect$$libinit$$0000000A  c_p.l(libinit2.o)
    0x0000013e   0x00000000   Code   RO          315    .ARM.Collect$$libinit$$0000000C  c_p.l(libinit2.o)
    0x0000013e   0x00000000   Code   RO          317    .ARM.Collect$$libinit$$0000000E  c_p.l(libinit2.o)
    0x0000013e   0x00000006   Code   RO          318    .ARM.Collect$$libinit$$0000000F  c_p.l(libinit2.o)
    0x00000144   0x00000000   Code   RO          320    .ARM.Collect$$libinit$$00000011  c_p.l(libinit2.o)
    0x00000144   0x0000000c   Code   RO          321    .ARM.Collect$$libinit$$00000012  c_p.l(libinit2.o)
    0x00000150   0x00000000   Code   RO          322    .ARM.Collect$$libinit$$00000013  c_p.l(libinit2.o)
    0x00000150   0x00000000   Code   RO          324    .ARM.Collect$$libinit$$00000015  c_p.l(libinit2.o)
    0x00000150   0x0000000a   Code   RO          325    .ARM.Collect$$libinit$$00000016  c_p.l(libinit2.o)
    0x0000015a   0x00000000   Code   RO          326    .ARM.Collect$$libinit$$00000017  c_p.l(libinit2.o)
    0x0000015a   0x00000000   Code   RO          328    .ARM.Collect$$libinit$$00000019  c_p.l(libinit2.o)
    0x0000015a   0x00000000   Code   RO          330    .ARM.Collect$$libinit$$0000001B  c_p.l(libinit2.o)
    0x0000015a   0x00000000   Code   RO          332    .ARM.Collect$$libinit$$0000001D  c_p.l(libinit2.o)
    0x0000015a   0x00000000   Code   RO          334    .ARM.Collect$$libinit$$0000001F  c_p.l(libinit2.o)
    0x0000015a   0x00000000   Code   RO          336    .ARM.Collect$$libinit$$00000021  c_p.l(libinit2.o)
    0x0000015a   0x00000000   Code   RO          338    .ARM.Collect$$libinit$$00000023  c_p.l(libinit2.o)
    0x0000015a   0x00000000   Code   RO          340    .ARM.Collect$$libinit$$00000025  c_p.l(libinit2.o)
    0x0000015a   0x00000000   Code   RO          344    .ARM.Collect$$libinit$$0000002C  c_p.l(libinit2.o)
    0x0000015a   0x00000000   Code   RO          346    .ARM.Collect$$libinit$$0000002E  c_p.l(libinit2.o)
    0x0000015a   0x00000000   Code   RO          348    .ARM.Collect$$libinit$$00000030  c_p.l(libinit2.o)
    0x0000015a   0x00000000   Code   RO          350    .ARM.Collect$$libinit$$00000032  c_p.l(libinit2.o)
    0x0000015a   0x00000002   Code   RO          351    .ARM.Collect$$libinit$$00000033  c_p.l(libinit2.o)
    0x0000015c   0x00000002   Code   RO          441    .ARM.Collect$$libshutdown$$00000000  c_p.l(libshutdown.o)
    0x0000015e   0x00000000   Code   RO          460    .ARM.Collect$$libshutdown$$00000003  c_p.l(libshutdown2.o)
    0x0000015e   0x00000000   Code   RO          463    .ARM.Collect$$libshutdown$$00000006  c_p.l(libshutdown2.o)
    0x0000015e   0x00000000   Code   RO          466    .ARM.Collect$$libshutdown$$00000009  c_p.l(libshutdown2.o)
    0x0000015e   0x00000000   Code   RO          468    .ARM.Collect$$libshutdown$$0000000B  c_p.l(libshutdown2.o)
    0x0000015e   0x00000000   Code   RO          471    .ARM.Collect$$libshutdown$$0000000E  c_p.l(libshutdown2.o)
    0x0000015e   0x00000002   Code   RO          472    .ARM.Collect$$libshutdown$$0000000F  c_p.l(libshutdown2.o)
    0x00000160   0x00000000   Code   RO          193    .ARM.Collect$$rtentry$$00000000  c_p.l(__rtentry.o)
    0x00000160   0x00000000   Code   RO          216    .ARM.Collect$$rtentry$$00000002  c_p.l(__rtentry2.o)
    0x00000160   0x00000006   Code   RO          228    .ARM.Collect$$rtentry$$00000004  c_p.l(__rtentry4.o)
    0x00000166   0x00000000   Code   RO          218    .ARM.Collect$$rtentry$$00000009  c_p.l(__rtentry2.o)
    0x00000166   0x00000004   Code   RO          219    .ARM.Collect$$rtentry$$0000000A  c_p.l(__rtentry2.o)
    0x0000016a   0x00000000   Code   RO          221    .ARM.Collect$$rtentry$$0000000C  c_p.l(__rtentry2.o)
    0x0000016a   0x00000008   Code   RO          222    .ARM.Collect$$rtentry$$0000000D  c_p.l(__rtentry2.o)
    0x00000172   0x00000002   Code   RO          361    .ARM.Collect$$rtexit$$00000000  c_p.l(rtexit.o)
    0x00000174   0x00000000   Code   RO          395    .ARM.Collect$$rtexit$$00000002  c_p.l(rtexit2.o)
    0x00000174   0x00000004   Code   RO          396    .ARM.Collect$$rtexit$$00000003  c_p.l(rtexit2.o)
    0x00000178   0x00000006   Code   RO          397    .ARM.Collect$$rtexit$$00000004  c_p.l(rtexit2.o)
    0x0000017e   0x00000002   PAD
    0x00000180   0x000001b8   Code   RO            3    .text               system_mkl25z4.o
    0x00000338   0x00000034   Code   RO           51    .text               startup_mkl25z4.o
    0x0000036c   0x00000040   Code   RO          149    .text               c_p.l(__0sscanf.o)
    0x000003ac   0x00000006   Code   RO          159    .text               c_p.l(heapauxi.o)
    0x000003b2   0x0000001e   Code   RO          198    .text               c_p.l(_chval.o)
    0x000003d0   0x00000030   Code   RO          204    .text               c_p.l(scanf_char.o)
    0x00000400   0x00000010   Code   RO           50    .ARM.__at_0x400     startup_mkl25z4.o
    0x00000410   0x0000046e   Code   RO           59    .text               blinky.o
    0x0000087e   0x00000002   PAD
    0x00000880   0x000001a4   Code   RO           96    .text               uart.o
    0x00000a24   0x00000208   Code   RO          126    .text               mkl25z_i2c.o
    0x00000c2c   0x0000014a   Code   RO          151    .text               c_p.l(_scanf_int.o)
    0x00000d76   0x000000e8   Code   RO          153    .text               c_p.l(_scanf_str.o)
    0x00000e5e   0x0000015a   Code   RO          155    .text               c_p.l(aeabi_sdiv.o)
    0x00000fb8   0x0000007c   Code   RO          163    .text               fz_ps.l(d2f.o)
    0x00001034   0x00000448   Code   RO          165    .text               fz_ps.l(ddiv.o)
    0x0000147c   0x00000248   Code   RO          170    .text               fz_ps.l(dmul.o)
    0x000016c4   0x00000054   Code   RO          172    .text               fz_ps.l(f2d.o)
    0x00001718   0x00000160   Code   RO          180    .text               fz_ps.l(fdiv.o)
    0x00001878   0x0000005e   Code   RO          183    .text               fz_ps.l(fflti.o)
    0x000018d6   0x00000002   PAD
    0x000018d8   0x000004d0   Code   RO          200    .text               c_p.l(scanf_fp.o)
    0x00001da8   0x00000044   Code   RO          206    .text               c_p.l(_sgetc.o)
    0x00001dec   0x00000358   Code   RO          208    .text               fz_ps.l(daddsub.o)
    0x00002144   0x00000090   Code   RO          210    .text               fz_ps.l(dcmpin.o)
    0x000021d4   0x00000008   Code   RO          235    .text               c_p.l(rt_locale_intlibspace.o)
    0x000021dc   0x00000008   Code   RO          240    .text               c_p.l(rt_errno_addr_intlibspace.o)
    0x000021e4   0x00000030   Code   RO          242    .text               c_p.l(llmul.o)
    0x00002214   0x00000012   Code   RO          244    .text               c_p.l(isspace.o)
    0x00002226   0x00000002   PAD
    0x00002228   0x00000380   Code   RO          246    .text               c_p.l(_scanf.o)
    0x000025a8   0x000000c8   Code   RO          248    .text               c_p.l(bigflt0.o)
    0x00002670   0x000004a8   Code   RO          251    .text               c_p.l(btod.o)
    0x00002b18   0x00000030   Code   RO          258    .text               fz_ps.l(cmpret.o)
    0x00002b48   0x00000014   Code   RO          260    .text               fz_ps.l(dnan2.o)
    0x00002b5c   0x00000008   Code   RO          279    .text               c_p.l(libspace.o)
    0x00002b64   0x0000003e   Code   RO          282    .text               c_p.l(sys_stackheap_outer.o)
    0x00002ba2   0x00000002   PAD
    0x00002ba4   0x00000010   Code   RO          285    .text               c_p.l(rt_ctype_table.o)
    0x00002bb4   0x00000016   Code   RO          287    .text               c_p.l(_rserrno.o)
    0x00002bca   0x00000002   PAD
    0x00002bcc   0x00000328   Code   RO          289    .text               c_p.l(scanf_hexfp.o)
    0x00002ef4   0x0000013c   Code   RO          291    .text               c_p.l(scanf_infnan.o)
    0x00003030   0x0000000c   Code   RO          293    .text               c_p.l(exit.o)
    0x0000303c   0x00000088   Code   RO          299    .text               c_p.l(strcmp.o)
    0x000030c4   0x0000005e   Code   RO          354    .text               fz_ps.l(retnan.o)
    0x00003122   0x00000020   Code   RO          365    .text               c_p.l(llshl.o)
    0x00003142   0x00000002   PAD
    0x00003144   0x00000060   Code   RO          376    .text               fz_ps.l(dscalbn.o)
    0x000031a4   0x0000000c   Code   RO          392    .text               c_p.l(sys_exit.o)
    0x000031b0   0x00000002   Code   RO          428    .text               c_p.l(use_no_semi.o)
    0x000031b2   0x00000000   Code   RO          430    .text               c_p.l(indicate_semi.o)
    0x000031b2   0x00000030   Code   RO          253    i.__ARM_common_ll_muluu  c_p.l(btod.o)
    0x000031e2   0x0000001c   Code   RO           22    i.__ARM_common_switch8  system_mkl25z4.o
    0x000031fe   0x00000002   PAD
    0x00003200   0x00000014   Code   RO          413    i.__mathlib_dbl_overflow  m_ps.l(dunder.o)
    0x00003214   0x00000014   Code   RO          415    i.__mathlib_dbl_underflow  m_ps.l(dunder.o)
    0x00003228   0x00000010   Code   RO          273    i.__mathlib_narrow  m_ps.l(narrow.o)
    0x00003238   0x0000008c   Code   RO          274    i.__mathlib_tofloat  m_ps.l(narrow.o)
    0x000032c4   0x00000014   Code   RO          381    i.__support_ldexp   m_ps.l(ldexp.o)
    0x000032d8   0x0000000e   Code   RO          202    i._is_digit         c_p.l(scanf_fp.o)
    0x000032e6   0x00000002   PAD
    0x000032e8   0x000000c8   Code   RO          190    i.floor             m_ps.l(floor.o)
    0x000033b0   0x00000058   Code   RO          357    i.frexp             m_ps.l(frexp.o)
    0x00003408   0x00000070   Code   RO          382    i.ldexp             m_ps.l(ldexp.o)
    0x00003478   0x0000002c   Code   RO          256    locale$$code        c_p.l(lc_numeric_c.o)
    0x000034a4   0x0000002c   Code   RO          368    locale$$code        c_p.l(lc_ctype_c.o)
    0x000034d0   0x00000064   Code   RO          352    x$fpl$deqf          fz_ps.l(deqf.o)
    0x00003534   0x00000064   Code   RO          168    x$fpl$dleqf         fz_ps.l(dlef.o)
    0x00003598   0x00000068   Code   RO          212    x$fpl$drleqf        fz_ps.l(drlef.o)
    0x00003600   0x0000008c   Code   RO          174    x$fpl$fadd          fz_ps.l(faddsub.o)
    0x0000368c   0x000000b0   Code   RO          185    x$fpl$fmul          fz_ps.l(fmul.o)
    0x0000373c   0x00000018   Code   RO          175    x$fpl$frsb          fz_ps.l(faddsub.o)
    0x00003754   0x000000d0   Code   RO          176    x$fpl$fsub          fz_ps.l(faddsub.o)
    0x00003824   0x00000010   Code   RO          187    x$fpl$scanf1        fz_ps.l(scanf1.o)
    0x00003834   0x00000020   Code   RO          267    x$fpl$scanf2        fz_ps.l(scanf2.o)
    0x00003854   0x00000000   Code   RO          214    x$fpl$usenofp       fz_ps.l(usenofp.o)
    0x00003854   0x00000080   Data   RO          166    .constdata          fz_ps.l(ddiv.o)
    0x000038d4   0x00000040   Data   RO          181    .constdata          fz_ps.l(fdiv.o)
    0x00003914   0x00000094   Data   RO          249    .constdata          c_p.l(bigflt0.o)
    0x000039a8   0x00000020   Data   RO          473    Region$$Table       anon$$obj.o
    0x000039c8   0x00000008   Data   RO          262    c$$dinf             fz_ps.l(fpconst.o)
    0x000039d0   0x0000001c   Data   RO          255    locale$$data        c_p.l(lc_numeric_c.o)
    0x000039ec   0x00000110   Data   RO          367    locale$$data        c_p.l(lc_ctype_c.o)


    Execution Region RW_IRAM1 (Base: 0x1ffff800, Size: 0x00000580, Max: 0x00000800, ABSOLUTE)

    Base Addr    Size         Type   Attr      Idx    E Section Name        Object

    0x1ffff800   0x00000004   Data   RW            4    .data               system_mkl25z4.o
    0x1ffff804   0x00000018   Data   RW           61    .data               blinky.o
    0x1ffff81c   0x00000100   Zero   RW           60    .bss                blinky.o
    0x1ffff91c   0x00000060   Zero   RW          280    .bss                c_p.l(libspace.o)
    0x1ffff97c   0x00000004   PAD
    0x1ffff980   0x00000000   Zero   RW           48    HEAP                startup_mkl25z4.o
    0x1ffff980   0x00000400   Zero   RW           47    STACK               startup_mkl25z4.o


==============================================================================

Image component sizes


      Code (inc. data)   RO Data    RW Data    ZI Data      Debug   Object Name

      1134        108          0         24        256     102133   blinky.o
       520         10          0          0          0       2973   mkl25z_i2c.o
        68         38        192          0       1024        784   startup_mkl25z4.o
       468         42          0          4          0       5721   system_mkl25z4.o
       420         14          0          0          0       1655   uart.o

    ----------------------------------------------------------------------
      2614        212        224         28       1280     113266   Object Totals
         0          0         32          0          0          0   (incl. Generated)
         4          0          0          0          0          0   (incl. Padding)

    ----------------------------------------------------------------------

      Code (inc. data)   RO Data    RW Data    ZI Data      Debug   Library Member Name

        64         10          0          0          0         84   __0sscanf.o
         8          0          0          0          0         68   __main.o
         0          0          0          0          0          0   __rtentry.o
        12          0          0          0          0          0   __rtentry2.o
         6          0          0          0          0          0   __rtentry4.o
        60          8          0          0          0          0   __scatter.o
        26          0          0          0          0          0   __scatter_copy.o
        28          0          0          0          0          0   __scatter_zi.o
        30          0          0          0          0         60   _chval.o
        22          0          0          0          0         92   _rserrno.o
       896         16          0          0          0         84   _scanf.o
       330          0          0          0          0         84   _scanf_int.o
       232          0          0          0          0         84   _scanf_str.o
        68          0          0          0          0         76   _sgetc.o
       346          0          0          0          0         92   aeabi_sdiv.o
       200          4        148          0          0         80   bigflt0.o
      1240         12          0          0          0        316   btod.o
        12          0          0          0          0         64   exit.o
         6          0          0          0          0        136   heapauxi.o
         0          0          0          0          0          0   indicate_semi.o
        18          0          0          0          0         68   isspace.o
        44         10        272          0          0         76   lc_ctype_c.o
        44         10         28          0          0         76   lc_numeric_c.o
         2          0          0          0          0          0   libinit.o
        30          0          0          0          0          0   libinit2.o
         2          0          0          0          0          0   libshutdown.o
         2          0          0          0          0          0   libshutdown2.o
         8          4          0          0         96         68   libspace.o
        48          0          0          0          0         72   llmul.o
        32          0          0          0          0         68   llshl.o
        16          4          0          0          0         76   rt_ctype_table.o
         8          4          0          0          0         68   rt_errno_addr_intlibspace.o
         8          4          0          0          0         68   rt_locale_intlibspace.o
         2          0          0          0          0          0   rtexit.o
        10          0          0          0          0          0   rtexit2.o
        48          8          0          0          0         84   scanf_char.o
      1246         20          0          0          0        184   scanf_fp.o
       808         12          0          0          0         84   scanf_hexfp.o
       316         16          0          0          0         84   scanf_infnan.o
       136          4          0          0          0         72   strcmp.o
        12          4          0          0          0         60   sys_exit.o
        62          0          0          0          0         80   sys_stackheap_outer.o
         2          0          0          0          0         68   use_no_semi.o
        48          4          0          0          0         60   cmpret.o
       124          4          0          0          0         72   d2f.o
       856         20          0          0          0        208   daddsub.o
       144          4          0          0          0         76   dcmpin.o
      1096         26        128          0          0        112   ddiv.o
       100          4          0          0          0         92   deqf.o
       100          4          0          0          0         92   dlef.o
       584         26          0          0          0         84   dmul.o
        20          6          0          0          0         68   dnan2.o
       104          4          0          0          0        104   drlef.o
        96         12          0          0          0         72   dscalbn.o
        84          4          0          0          0         60   f2d.o
       372          8          0          0          0        240   faddsub.o
       352         10         64          0          0         92   fdiv.o
        94          0          0          0          0         92   fflti.o
       176          4          0          0          0         80   fmul.o
         0          0          8          0          0          0   fpconst.o
        94          0          0          0          0         68   retnan.o
        16          4          0          0          0         76   scanf1.o
        32          8          0          0          0        100   scanf2.o
         0          0          0          0          0          0   usenofp.o
        40         10          0          0          0        136   dunder.o
       200         20          0          0          0         76   floor.o
        88         16          0          0          0         72   frexp.o
       132          0          0          0          0        140   ldexp.o
       156         10          0          0          0        144   narrow.o

    ----------------------------------------------------------------------
     11614        358        648          0        100       5092   Library Totals
        16          0          0          0          4          0   (incl. Padding)

    ----------------------------------------------------------------------

      Code (inc. data)   RO Data    RW Data    ZI Data      Debug   Library Name

      6490        150        448          0         96       2676   c_p.l
      4492        152        200          0          0       1848   fz_ps.l
       616         56          0          0          0        568   m_ps.l

    ----------------------------------------------------------------------
     11614        358        648          0        100       5092   Library Totals

    ----------------------------------------------------------------------

==============================================================================


      Code (inc. data)   RO Data    RW Data    ZI Data      Debug   

     14228        570        872         28       1380     115374   Grand Totals
     14228        570        872         28       1380     115374   ELF Image Totals
     14228        570        872         28          0          0   ROM Totals

==============================================================================

    Total RO  Size (Code + RO Data)                15100 (  14.75kB)
    Total RW  Size (RW Data + ZI Data)              1408 (   1.38kB)
    Total ROM Size (Code + RO Data + RW Data)      15128 (  14.77kB)

==============================================================================

