<html>
<body>
<pre>
<h1>µVision Build Log</h1>
<h2>Tool Versions:</h2>
IDE-Version: µVision V5.15
Copyright (C) 2015 ARM Ltd and ARM Germany GmbH. All rights reserved.
License Information: Josie Hughes, Univeristy, LIC=----
 
Tool Versions:
Toolchain:       MDK-Lite  Version: 5.15.0
Toolchain Path:  C:\Keil_v5\ARM\ARMCC\Bin
C Compiler:      Armcc.exe V5.05 update 2 (build 169)
Assembler:       Armasm.exe V5.05 update 2 (build 169)
Linker/Locator:  ArmLink.exe V5.05 update 2 (build 169)
Library Manager: ArmAr.exe V5.05 update 2 (build 169)
Hex Converter:   FromElf.exe V5.05 update 2 (build 169)
CPU DLL:         SARMCM3.DLL V5.15.0
Dialog DLL:      DARMCM1.DLL V1.12.0.0
Target DLL:      Segger\JL2CM3.dll V2.99.15.0
Dialog DLL:      TARMCM1.DLL V1.9.0.0
 
<h2>Project:</h2>
C:\Users\Josie\Documents\OnPersonDevice_Keil\I2C\Blinky.uvproj
Project File Date:  07/11/2015

<h2>Output:</h2>
*** Using Compiler 'V5.05 update 2 (build 169)', folder: 'C:\Keil_v5\ARM\ARMCC\Bin'
Rebuild target 'ULink - Flash'
compiling system_MKL25Z4.c...
assembling startup_MKL25Z4.s...
compiling Blinky.c...
Blinky.c(79): warning:  #177-D: variable "j" was declared but never referenced
        int j; 
Blinky.c(80): warning:  #550-D: variable "buffer" was set but never used
                        char buffer[9];
Blinky.c(114): warning:  #223-D: function "sscanf" declared implicitly
   if(sscanf(gpsbuffer, "GPGGA,%f,%f,%c,%f,%c,%d", &time, &latitude, &ns, &longitude, &ew, &lock) >= 1) { 
Blinky.c(137): warning:  #940-D: missing return statement at end of non-void function "getlock"
   }
Blinky.c(111): warning:  #177-D: variable "sample" was declared but never referenced
        int sample;
Blinky.c(158): warning:  #177-D: variable "x_msb" was declared but never referenced
        int x_msb =0;
Blinky.c(159): warning:  #177-D: variable "x_lsb" was declared but never referenced
        int x_lsb = 0;
Blinky.c(160): warning:  #550-D: variable "x" was set but never used
        float x, y, z;
Blinky.c(160): warning:  #550-D: variable "y" was set but never used
        float x, y, z;
Blinky.c(160): warning:  #550-D: variable "z" was set but never used
        float x, y, z;
Blinky.c(161): warning:  #177-D: variable "x2" was declared but never referenced
        float x2;
Blinky.c(168): warning:  #177-D: variable "read_buff_y" was declared but never referenced
        char read_buff_y[6] = {0};              
Blinky.c(169): warning:  #177-D: variable "read_buff_z" was declared but never referenced
        char read_buff_z[6] = {0};
Blinky.c(66): warning:  #177-D: function "LED_Off" was declared but never referenced
  __INLINE static void LED_Off (void) {
Blinky.c: 14 warnings, 0 errors
compiling uart.c...
compiling MKL25z_I2C.c...
linking...
Program Size: Code=14292 RO-data=872 RW-data=28 ZI-data=1380  
".\Flash\Blinky.axf" - 0 Error(s), 14 Warning(s).
</pre>
</body>
</html>
