<html>
<body>
<pre>
<h1>µVision Build Log</h1>
<h2>Tool Versions:</h2>
IDE-Version: µVision V5.15
Copyright (C) 2015 ARM Ltd and ARM Germany GmbH. All rights reserved.
License Information: Josie Hughes, Univeristy, LIC=----
 
Tool Versions:
Toolchain:       MDK-Lite  Version: 5.15.0
Toolchain Path:  C:\Keil_v5\ARM\ARMCC\Bin
C Compiler:      Armcc.exe V5.05 update 2 (build 169)
Assembler:       Armasm.exe V5.05 update 2 (build 169)
Linker/Locator:  ArmLink.exe V5.05 update 2 (build 169)
Library Manager: ArmAr.exe V5.05 update 2 (build 169)
Hex Converter:   FromElf.exe V5.05 update 2 (build 169)
CPU DLL:         SARMCM3.DLL V5.15.0
Dialog DLL:      DARMCM1.DLL V1.12.0.0
Target DLL:      Segger\JL2CM3.dll V2.99.15.0
Dialog DLL:      TARMCM1.DLL V1.9.0.0
 
<h2>Project:</h2>
C:\Users\Josie\Documents\OnPersonDevice_Keil\I2C\Blinky.uvproj
Project File Date:  07/11/2015

<h2>Output:</h2>
*** Using Compiler 'V5.05 update 2 (build 169)', folder: 'C:\Keil_v5\ARM\ARMCC\Bin'
Rebuild target 'ULink - Flash'
compiling system_MKL25Z4.c...
assembling startup_MKL25Z4.s...
compiling Blinky.c...
gps.h(16): warning:  #1-D: last line of file ends without a newline
  */
Blinky.c(71): warning:  #177-D: variable "j" was declared but never referenced
        int j; 
Blinky.c(72): warning:  #550-D: variable "buffer" was set but never used
                        char buffer[9];
Blinky.c(106): warning:  #223-D: function "sscanf" declared implicitly
   if(sscanf(gpsbuffer, "GPGGA,%f,%f,%c,%f,%c,%d", &time, &latitude, &ns, &longitude, &ew, &lock) >= 1) { 
Blinky.c(129): warning:  #940-D: missing return statement at end of non-void function "getlock"
   }
Blinky.c(103): warning:  #177-D: variable "sample" was declared but never referenced
        int sample;
Blinky.c(134): warning:  #223-D: function "floor" declared implicitly
          v = floor(v);
Blinky.c(137): warning:  #223-D: function "floor" declared implicitly
          v = floor(v);
Blinky.c(187): warning:  #9-D: nested comment is not allowed
                                /*
Blinky.c(189): warning:  #9-D: nested comment is not allowed
                                /*read_buff[1] = 0x3 & read_buff[0];
Blinky.c(156): warning:  #177-D: variable "read_buff_y" was declared but never referenced
        char read_buff_y[6] = {0};              
Blinky.c(157): warning:  #177-D: variable "read_buff_z" was declared but never referenced
        char read_buff_z[6] = {0};
Blinky.c(58): warning:  #177-D: function "LED_Off" was declared but never referenced
  __INLINE static void LED_Off (void) {
Blinky.c: 13 warnings, 0 errors
compiling uart.c...
compiling MKL25z_I2C.c...
linking...
Program Size: Code=13036 RO-data=744 RW-data=28 ZI-data=1380  
".\Flash\Blinky.axf" - 0 Error(s), 13 Warning(s).
</pre>
</body>
</html>
