<html>
<body>
<pre>
<h1>µVision Build Log</h1>
<h2>Tool Versions:</h2>
IDE-Version: µVision V5.15
Copyright (C) 2015 ARM Ltd and ARM Germany GmbH. All rights reserved.
License Information: Josie Hughes, Univeristy, LIC=----
 
Tool Versions:
Toolchain:       MDK-Lite  Version: 5.15.0
Toolchain Path:  C:\Keil_v5\ARM\ARMCC\Bin
C Compiler:      Armcc.exe V5.05 update 2 (build 169)
Assembler:       Armasm.exe V5.05 update 2 (build 169)
Linker/Locator:  ArmLink.exe V5.05 update 2 (build 169)
Library Manager: ArmAr.exe V5.05 update 2 (build 169)
Hex Converter:   FromElf.exe V5.05 update 2 (build 169)
CPU DLL:         SARMCM3.DLL V5.15.0
Dialog DLL:      DARMCM1.DLL V1.12.0.0
Target DLL:      Segger\JL2CM3.dll V2.99.15.0
Dialog DLL:      TARMCM1.DLL V1.9.0.0
 
<h2>Project:</h2>
C:\Users\Josie\Documents\OnPersonDevice_Keil\Blinky_LED\Blinky.uvproj
Project File Date:  07/10/2015

<h2>Output:</h2>
*** Using Compiler 'V5.05 update 2 (build 169)', folder: 'C:\Keil_v5\ARM\ARMCC\Bin'
Rebuild target 'ULink - Flash'
compiling system_MKL25Z4.c...
assembling startup_MKL25Z4.s...
compiling Blinky.c...
gps.h(16): warning:  #1-D: last line of file ends without a newline
  */
Blinky.c(73): warning:  #177-D: variable "j" was declared but never referenced
        int j; 
Blinky.c(74): warning:  #550-D: variable "buffer" was set but never used
                        char buffer[9];
Blinky.c(90): warning:  #223-D: function "sprintf" declared implicitly
                lenght = sprintf (buffer, "$PSRF103,00,01,00,01*25");
Blinky.c(138): warning:  #223-D: function "sscanf" declared implicitly
   if(sscanf(gpsbuffer, "GPGGA,%f,%f,%c,%f,%c,%d", &time, &latitude, &ns, &longitude, &ew, &lock) >= 1) { 
Blinky.c(161): warning:  #940-D: missing return statement at end of non-void function "getlock"
   }
Blinky.c(135): warning:  #177-D: variable "sample" was declared but never referenced
        int sample;
Blinky.c(166): warning:  #223-D: function "floor" declared implicitly
          v = floor(v);
Blinky.c(169): warning:  #223-D: function "floor" declared implicitly
          v = floor(v);
Blinky.c(206): warning:  #223-D: function "sprintf" declared implicitly
        lenght = sprintf (buffer, "$PSRF103,00,01,00,01*25");
Blinky.c(184): warning:  #550-D: variable "button_1" was set but never used
        int button_1;
Blinky.c(185): warning:  #550-D: variable "button_2" was set but never used
        int button_2;
Blinky.c(51): warning:  #177-D: function "LED_On" was declared but never referenced
  __INLINE static void LED_On (void) {
Blinky.c(60): warning:  #177-D: function "LED_Off" was declared but never referenced
  __INLINE static void LED_Off (void) {
Blinky.c: 14 warnings, 0 errors
compiling uart.c...
linking...
Program Size: Code=12716 RO-data=744 RW-data=24 ZI-data=1376  
".\Flash\Blinky.axf" - 0 Error(s), 14 Warning(s).
</pre>
</body>
</html>
